Archive member included because of file (symbol)

c:/winavr-20100110/bin/../lib/gcc/avr/4.3.3/avr5\libgcc.a(_udivmodhi4.o)
                              ./HWAL/lcd_module/lcd.o (__udivmodhi4)
c:/winavr-20100110/bin/../lib/gcc/avr/4.3.3/avr5\libgcc.a(_udivmodsi4.o)
                              ./MCAL/uart_module/uart.o (__udivmodsi4)
c:/winavr-20100110/bin/../lib/gcc/avr/4.3.3/avr5\libgcc.a(_exit.o)
                              c:/winavr-20100110/bin/../lib/gcc/avr/4.3.3/../../../../avr/lib/avr5/crtm16.o (exit)
c:/winavr-20100110/bin/../lib/gcc/avr/4.3.3/avr5\libgcc.a(_copy_data.o)
                              ./HWAL/lcd_module/lcd.o (__do_copy_data)
c:/winavr-20100110/bin/../lib/gcc/avr/4.3.3/avr5\libgcc.a(_clear_bss.o)
                              ./MCAL/uart_module/uart.o (__do_clear_bss)
c:/winavr-20100110/bin/../lib/gcc/avr/4.3.3/avr5\libgcc.a(_fixunssfsi.o)
                              ./MCAL/uart_module/uart.o (__fixunssfsi)
c:/winavr-20100110/bin/../lib/gcc/avr/4.3.3/avr5\libgcc.a(_addsub_sf.o)
                              ./MCAL/uart_module/uart.o (__subsf3)
c:/winavr-20100110/bin/../lib/gcc/avr/4.3.3/avr5\libgcc.a(_div_sf.o)
                              ./MCAL/uart_module/uart.o (__divsf3)
c:/winavr-20100110/bin/../lib/gcc/avr/4.3.3/avr5\libgcc.a(_ge_sf.o)
                              c:/winavr-20100110/bin/../lib/gcc/avr/4.3.3/avr5\libgcc.a(_fixunssfsi.o) (__gesf2)
c:/winavr-20100110/bin/../lib/gcc/avr/4.3.3/avr5\libgcc.a(_sf_to_si.o)
                              c:/winavr-20100110/bin/../lib/gcc/avr/4.3.3/avr5\libgcc.a(_fixunssfsi.o) (__fixsfsi)
c:/winavr-20100110/bin/../lib/gcc/avr/4.3.3/avr5\libgcc.a(_thenan_sf.o)
                              c:/winavr-20100110/bin/../lib/gcc/avr/4.3.3/avr5\libgcc.a(_addsub_sf.o) (__thenan_sf)
c:/winavr-20100110/bin/../lib/gcc/avr/4.3.3/avr5\libgcc.a(_usi_to_sf.o)
                              ./MCAL/uart_module/uart.o (__floatunsisf)
c:/winavr-20100110/bin/../lib/gcc/avr/4.3.3/avr5\libgcc.a(_prologue.o)
                              c:/winavr-20100110/bin/../lib/gcc/avr/4.3.3/avr5\libgcc.a(_addsub_sf.o) (__prologue_saves__)
c:/winavr-20100110/bin/../lib/gcc/avr/4.3.3/avr5\libgcc.a(_epilogue.o)
                              c:/winavr-20100110/bin/../lib/gcc/avr/4.3.3/avr5\libgcc.a(_addsub_sf.o) (__epilogue_restores__)
c:/winavr-20100110/bin/../lib/gcc/avr/4.3.3/avr5\libgcc.a(_clzsi2.o)
                              c:/winavr-20100110/bin/../lib/gcc/avr/4.3.3/avr5\libgcc.a(_usi_to_sf.o) (__clzsi2)
c:/winavr-20100110/bin/../lib/gcc/avr/4.3.3/avr5\libgcc.a(_pack_sf.o)
                              c:/winavr-20100110/bin/../lib/gcc/avr/4.3.3/avr5\libgcc.a(_addsub_sf.o) (__pack_f)
c:/winavr-20100110/bin/../lib/gcc/avr/4.3.3/avr5\libgcc.a(_unpack_sf.o)
                              c:/winavr-20100110/bin/../lib/gcc/avr/4.3.3/avr5\libgcc.a(_addsub_sf.o) (__unpack_f)
c:/winavr-20100110/bin/../lib/gcc/avr/4.3.3/avr5\libgcc.a(_fpcmp_parts_sf.o)
                              c:/winavr-20100110/bin/../lib/gcc/avr/4.3.3/avr5\libgcc.a(_ge_sf.o) (__fpcmp_parts_f)
c:/winavr-20100110/bin/../lib/gcc/avr/4.3.3/avr5\libgcc.a(_clz.o)
                              c:/winavr-20100110/bin/../lib/gcc/avr/4.3.3/avr5\libgcc.a(_clzsi2.o) (__clz_tab)

Allocating common symbols
Common symbol       size              file

recieved_data       0x1               ./MCAL/uart_module/uart.o

Memory Configuration

Name             Origin             Length             Attributes
text             0x00000000         0x00020000         xr
data             0x00800060         0x0000ffa0         rw !x
eeprom           0x00810000         0x00010000         rw !x
fuse             0x00820000         0x00000400         rw !x
lock             0x00830000         0x00000400         rw !x
signature        0x00840000         0x00000400         rw !x
*default*        0x00000000         0xffffffff

Linker script and memory map

LOAD c:/winavr-20100110/bin/../lib/gcc/avr/4.3.3/../../../../avr/lib/avr5/crtm16.o
LOAD ./MCAL/uart_module/uart.o
LOAD ./MCAL/timer_module/timer.o
LOAD ./MCAL/i2c/i2c.o
LOAD ./MCAL/external_interrupt/external_interrupt.o
LOAD ./MCAL/dio_module/dio.o
LOAD ./MCAL/PWM_module/pwm.o
LOAD ./HWAL/motor_module/l293D.o
LOAD ./HWAL/lcd_module/lcd.o
LOAD ./HWAL/keypad_module/keypad.o
LOAD ./HWAL/eeprom_module/eeprom.o
LOAD ./APP_layer/HMI_main.o
LOAD ./APP_layer/HMI_utility_functions.o
LOAD ./APP_layer/HW_config.o
LOAD c:/winavr-20100110/bin/../lib/gcc/avr/4.3.3/avr5\libgcc.a
LOAD c:/winavr-20100110/bin/../lib/gcc/avr/4.3.3/../../../../avr/lib/avr5\libc.a
LOAD c:/winavr-20100110/bin/../lib/gcc/avr/4.3.3/avr5\libgcc.a

.hash
 *(.hash)

.dynsym
 *(.dynsym)

.dynstr
 *(.dynstr)

.gnu.version
 *(.gnu.version)

.gnu.version_d
 *(.gnu.version_d)

.gnu.version_r
 *(.gnu.version_r)

.rel.init
 *(.rel.init)

.rela.init
 *(.rela.init)

.rel.text
 *(.rel.text)
 *(.rel.text.*)
 *(.rel.gnu.linkonce.t*)

.rela.text
 *(.rela.text)
 *(.rela.text.*)
 *(.rela.gnu.linkonce.t*)

.rel.fini
 *(.rel.fini)

.rela.fini
 *(.rela.fini)

.rel.rodata
 *(.rel.rodata)
 *(.rel.rodata.*)
 *(.rel.gnu.linkonce.r*)

.rela.rodata
 *(.rela.rodata)
 *(.rela.rodata.*)
 *(.rela.gnu.linkonce.r*)

.rel.data
 *(.rel.data)
 *(.rel.data.*)
 *(.rel.gnu.linkonce.d*)

.rela.data
 *(.rela.data)
 *(.rela.data.*)
 *(.rela.gnu.linkonce.d*)

.rel.ctors
 *(.rel.ctors)

.rela.ctors
 *(.rela.ctors)

.rel.dtors
 *(.rel.dtors)

.rela.dtors
 *(.rela.dtors)

.rel.got
 *(.rel.got)

.rela.got
 *(.rela.got)

.rel.bss
 *(.rel.bss)

.rela.bss
 *(.rela.bss)

.rel.plt
 *(.rel.plt)

.rela.plt
 *(.rela.plt)

.text           0x00000000     0x2d32
 *(.vectors)
 .vectors       0x00000000       0x54 c:/winavr-20100110/bin/../lib/gcc/avr/4.3.3/../../../../avr/lib/avr5/crtm16.o
                0x00000000                __vectors
                0x00000000                __vector_default
 *(.vectors)
 *(.progmem.gcc*)
 *(.progmem*)
                0x00000054                . = ALIGN (0x2)
                0x00000054                __trampolines_start = .
 *(.trampolines)
 .trampolines   0x00000054        0x0 linker stubs
 *(.trampolines*)
                0x00000054                __trampolines_end = .
 *(.jumptables)
 *(.jumptables*)
 *(.lowtext)
 *(.lowtext*)
                0x00000054                __ctors_start = .
 *(.ctors)
                0x00000054                __ctors_end = .
                0x00000054                __dtors_start = .
 *(.dtors)
                0x00000054                __dtors_end = .
 SORT(*)(.ctors)
 SORT(*)(.dtors)
 *(.init0)
 .init0         0x00000054        0x0 c:/winavr-20100110/bin/../lib/gcc/avr/4.3.3/../../../../avr/lib/avr5/crtm16.o
                0x00000054                __init
 *(.init0)
 *(.init1)
 *(.init1)
 *(.init2)
 .init2         0x00000054        0xc c:/winavr-20100110/bin/../lib/gcc/avr/4.3.3/../../../../avr/lib/avr5/crtm16.o
 *(.init2)
 *(.init3)
 *(.init3)
 *(.init4)
 .init4         0x00000060       0x16 c:/winavr-20100110/bin/../lib/gcc/avr/4.3.3/avr5\libgcc.a(_copy_data.o)
                0x00000060                __do_copy_data
 .init4         0x00000076       0x10 c:/winavr-20100110/bin/../lib/gcc/avr/4.3.3/avr5\libgcc.a(_clear_bss.o)
                0x00000076                __do_clear_bss
 *(.init4)
 *(.init5)
 *(.init5)
 *(.init6)
 *(.init6)
 *(.init7)
 *(.init7)
 *(.init8)
 *(.init8)
 *(.init9)
 .init9         0x00000086        0x8 c:/winavr-20100110/bin/../lib/gcc/avr/4.3.3/../../../../avr/lib/avr5/crtm16.o
 *(.init9)
 *(.text)
 .text          0x0000008e        0x4 c:/winavr-20100110/bin/../lib/gcc/avr/4.3.3/../../../../avr/lib/avr5/crtm16.o
                0x0000008e                __vector_12
                0x0000008e                __bad_interrupt
                0x0000008e                __vector_13
                0x0000008e                __vector_17
                0x0000008e                __vector_7
                0x0000008e                __vector_5
                0x0000008e                __vector_15
                0x0000008e                __vector_14
                0x0000008e                __vector_10
                0x0000008e                __vector_16
                0x0000008e                __vector_20
 .text          0x00000092        0x0 ./MCAL/uart_module/uart.o
 .text          0x00000092        0x0 ./MCAL/timer_module/timer.o
 .text          0x00000092        0x0 ./MCAL/i2c/i2c.o
 .text          0x00000092        0x0 ./MCAL/external_interrupt/external_interrupt.o
 .text          0x00000092        0x0 ./MCAL/dio_module/dio.o
 .text          0x00000092        0x0 ./MCAL/PWM_module/pwm.o
 .text          0x00000092        0x0 ./HWAL/motor_module/l293D.o
 .text          0x00000092        0x0 ./HWAL/lcd_module/lcd.o
 .text          0x00000092        0x0 ./HWAL/keypad_module/keypad.o
 .text          0x00000092        0x0 ./HWAL/eeprom_module/eeprom.o
 .text          0x00000092        0x0 ./APP_layer/HMI_main.o
 .text          0x00000092        0x0 ./APP_layer/HMI_utility_functions.o
 .text          0x00000092        0x0 ./APP_layer/HW_config.o
 .text          0x00000092        0x0 c:/winavr-20100110/bin/../lib/gcc/avr/4.3.3/avr5\libgcc.a(_udivmodhi4.o)
 .text          0x00000092        0x0 c:/winavr-20100110/bin/../lib/gcc/avr/4.3.3/avr5\libgcc.a(_udivmodsi4.o)
 .text          0x00000092        0x0 c:/winavr-20100110/bin/../lib/gcc/avr/4.3.3/avr5\libgcc.a(_exit.o)
 .text          0x00000092        0x0 c:/winavr-20100110/bin/../lib/gcc/avr/4.3.3/avr5\libgcc.a(_copy_data.o)
 .text          0x00000092        0x0 c:/winavr-20100110/bin/../lib/gcc/avr/4.3.3/avr5\libgcc.a(_clear_bss.o)
 .text          0x00000092       0x58 c:/winavr-20100110/bin/../lib/gcc/avr/4.3.3/avr5\libgcc.a(_fixunssfsi.o)
                0x00000092                __fixunssfsi
 .text          0x000000ea      0x354 c:/winavr-20100110/bin/../lib/gcc/avr/4.3.3/avr5\libgcc.a(_addsub_sf.o)
                0x00000382                __subsf3
                0x000003e4                __addsf3
 .text          0x0000043e      0x158 c:/winavr-20100110/bin/../lib/gcc/avr/4.3.3/avr5\libgcc.a(_div_sf.o)
                0x0000043e                __divsf3
 .text          0x00000596       0x60 c:/winavr-20100110/bin/../lib/gcc/avr/4.3.3/avr5\libgcc.a(_ge_sf.o)
                0x00000596                __gesf2
 .text          0x000005f6       0xa8 c:/winavr-20100110/bin/../lib/gcc/avr/4.3.3/avr5\libgcc.a(_sf_to_si.o)
                0x000005f6                __fixsfsi
 .text          0x0000069e        0x0 c:/winavr-20100110/bin/../lib/gcc/avr/4.3.3/avr5\libgcc.a(_thenan_sf.o)
 .text          0x0000069e       0xf2 c:/winavr-20100110/bin/../lib/gcc/avr/4.3.3/avr5\libgcc.a(_usi_to_sf.o)
                0x0000069e                __floatunsisf
 .text          0x00000790        0x0 c:/winavr-20100110/bin/../lib/gcc/avr/4.3.3/avr5\libgcc.a(_prologue.o)
 .text          0x00000790        0x0 c:/winavr-20100110/bin/../lib/gcc/avr/4.3.3/avr5\libgcc.a(_epilogue.o)
 .text          0x00000790       0x9e c:/winavr-20100110/bin/../lib/gcc/avr/4.3.3/avr5\libgcc.a(_clzsi2.o)
                0x00000790                __clzsi2
 .text          0x0000082e      0x1aa c:/winavr-20100110/bin/../lib/gcc/avr/4.3.3/avr5\libgcc.a(_pack_sf.o)
                0x0000082e                __pack_f
 .text          0x000009d8       0xf0 c:/winavr-20100110/bin/../lib/gcc/avr/4.3.3/avr5\libgcc.a(_unpack_sf.o)
                0x000009d8                __unpack_f
 .text          0x00000ac8       0xb2 c:/winavr-20100110/bin/../lib/gcc/avr/4.3.3/avr5\libgcc.a(_fpcmp_parts_sf.o)
                0x00000ac8                __fpcmp_parts_f
 .text          0x00000b7a        0x0 c:/winavr-20100110/bin/../lib/gcc/avr/4.3.3/avr5\libgcc.a(_clz.o)
                0x00000b7a                . = ALIGN (0x2)
 *(.text.*)
 .text.UART_init
                0x00000b7a      0x106 ./MCAL/uart_module/uart.o
                0x00000b7a                UART_init
 .text.UART_transmit
                0x00000c80        0x8 ./MCAL/uart_module/uart.o
                0x00000c80                UART_transmit
 .text.UART_receive
                0x00000c88        0x8 ./MCAL/uart_module/uart.o
                0x00000c88                UART_receive
 .text.UART_transmitString
                0x00000c90       0x1e ./MCAL/uart_module/uart.o
                0x00000c90                UART_transmitString
 .text.UART_receiveString
                0x00000cae       0x1c ./MCAL/uart_module/uart.o
                0x00000cae                UART_receiveString
 .text.UART_setcallback
                0x00000cca        0xa ./MCAL/uart_module/uart.o
                0x00000cca                UART_setcallback
 .text.__vector_11
                0x00000cd4       0x58 ./MCAL/uart_module/uart.o
                0x00000cd4                __vector_11
 .text.TIMER_start
                0x00000d2c      0x1c8 ./MCAL/timer_module/timer.o
                0x00000d2c                TIMER_start
 .text.TIMER_stop
                0x00000ef4       0x2a ./MCAL/timer_module/timer.o
                0x00000ef4                TIMER_stop
 .text.__vector_9
                0x00000f1e       0x5c ./MCAL/timer_module/timer.o
                0x00000f1e                __vector_9
 .text.__vector_19
                0x00000f7a       0x52 ./MCAL/timer_module/timer.o
                0x00000f7a                __vector_19
 .text.__vector_8
                0x00000fcc       0x5e ./MCAL/timer_module/timer.o
                0x00000fcc                __vector_8
 .text.__vector_6
                0x0000102a       0x52 ./MCAL/timer_module/timer.o
                0x0000102a                __vector_6
 .text.__vector_4
                0x0000107c       0x5c ./MCAL/timer_module/timer.o
                0x0000107c                __vector_4
 .text.__vector_3
                0x000010d8       0x52 ./MCAL/timer_module/timer.o
                0x000010d8                __vector_3
 .text.TWI_init
                0x0000112a       0x1e ./MCAL/i2c/i2c.o
                0x0000112a                TWI_init
 .text.TWI_start
                0x00001148        0xc ./MCAL/i2c/i2c.o
                0x00001148                TWI_start
 .text.TWI_stop
                0x00001154        0x6 ./MCAL/i2c/i2c.o
                0x00001154                TWI_stop
 .text.TWI_write
                0x0000115a        0xe ./MCAL/i2c/i2c.o
                0x0000115a                TWI_write
 .text.TWI_readWithACK
                0x00001168        0xe ./MCAL/i2c/i2c.o
                0x00001168                TWI_readWithACK
 .text.TWI_readWithNACK
                0x00001176        0xe ./MCAL/i2c/i2c.o
                0x00001176                TWI_readWithNACK
 .text.TWI_getStatus
                0x00001184        0x6 ./MCAL/i2c/i2c.o
                0x00001184                TWI_getStatus
 .text.EINT_changeSenseControl
                0x0000118a       0x42 ./MCAL/external_interrupt/external_interrupt.o
                0x0000118a                EINT_changeSenseControl
 .text.__vector_1
                0x000011cc       0x52 ./MCAL/external_interrupt/external_interrupt.o
                0x000011cc                __vector_1
 .text.__vector_2
                0x0000121e       0x52 ./MCAL/external_interrupt/external_interrupt.o
                0x0000121e                __vector_2
 .text.__vector_18
                0x00001270       0x5a ./MCAL/external_interrupt/external_interrupt.o
                0x00001270                __vector_18
 .text.EINT_init
                0x000012ca       0xda ./MCAL/external_interrupt/external_interrupt.o
                0x000012ca                EINT_init
 .text.DIO_initChannel
                0x000013a4      0x12a ./MCAL/dio_module/dio.o
                0x000013a4                DIO_initChannel
 .text.DIO_writeChannel
                0x000014ce       0xce ./MCAL/dio_module/dio.o
                0x000014ce                DIO_writeChannel
 .text.DIO_readChannel
                0x0000159c       0x70 ./MCAL/dio_module/dio.o
                0x0000159c                DIO_readChannel
 .text.DIO_initPort
                0x0000160c       0xd0 ./MCAL/dio_module/dio.o
                0x0000160c                DIO_initPort
 .text.DIO_writePort
                0x000016dc       0x56 ./MCAL/dio_module/dio.o
                0x000016dc                DIO_writePort
 .text.DIO_PORTDirection
                0x00001732       0x56 ./MCAL/dio_module/dio.o
                0x00001732                DIO_PORTDirection
 .text.DIO_readPort
                0x00001788       0x42 ./MCAL/dio_module/dio.o
                0x00001788                DIO_readPort
 .text.PWM_start
                0x000017ca      0x10a ./MCAL/PWM_module/pwm.o
                0x000017ca                PWM_start
 .text.PWM_stop
                0x000018d4       0x26 ./MCAL/PWM_module/pwm.o
                0x000018d4                PWM_stop
 .text.PWM_change_DutyCycle
                0x000018fa       0x26 ./MCAL/PWM_module/pwm.o
                0x000018fa                PWM_change_DutyCycle
 .text.MOTOR_changeDirection
                0x00001920       0x3c ./HWAL/motor_module/l293D.o
                0x00001920                MOTOR_changeDirection
 .text.MOTOR_stop
                0x0000195c        0xa ./HWAL/motor_module/l293D.o
                0x0000195c                MOTOR_stop
 .text.MOTOR_start
                0x00001966       0x46 ./HWAL/motor_module/l293D.o
                0x00001966                MOTOR_start
 .text.MOTOR_init
                0x000019ac       0x62 ./HWAL/motor_module/l293D.o
                0x000019ac                MOTOR_init
 .text.LCD_characterDisplay
                0x00001a0e       0xb2 ./HWAL/lcd_module/lcd.o
                0x00001a0e                LCD_characterDisplay
 .text.LCD_sendCommand
                0x00001ac0       0xb2 ./HWAL/lcd_module/lcd.o
                0x00001ac0                LCD_sendCommand
 .text.LCD_displayString
                0x00001b72       0xb8 ./HWAL/lcd_module/lcd.o
                0x00001b72                LCD_displayString
 .text.LCD_clearScreen
                0x00001c2a       0x96 ./HWAL/lcd_module/lcd.o
                0x00001c2a                LCD_clearScreen
 .text.LCD_goTo
                0x00001cc0       0xca ./HWAL/lcd_module/lcd.o
                0x00001cc0                LCD_goTo
 .text.LCD_init
                0x00001d8a      0x192 ./HWAL/lcd_module/lcd.o
                0x00001d8a                LCD_init
 .text.LCD_displayNumber
                0x00001f1c      0x1cc ./HWAL/lcd_module/lcd.o
                0x00001f1c                LCD_displayNumber
 .text.KEYPAD_keyRelaesed
                0x000020e8       0x92 ./HWAL/keypad_module/keypad.o
                0x000020e8                KEYPAD_keyRelaesed
 .text.KEYPAD_pressPosition
                0x0000217a       0xa2 ./HWAL/keypad_module/keypad.o
                0x0000217a                KEYPAD_pressPosition
 .text.KEYPAD_getCharacter
                0x0000221c      0x132 ./HWAL/keypad_module/keypad.o
                0x0000221c                KEYPAD_getCharacter
 .text.KEYPAD_getNumber
                0x0000234e      0x136 ./HWAL/keypad_module/keypad.o
                0x0000234e                KEYPAD_getNumber
 .text.EEPROM_readData
                0x00002484       0x8e ./HWAL/eeprom_module/eeprom.o
                0x00002484                EEPROM_readData
 .text.EEPROM_writeData
                0x00002512       0x64 ./HWAL/eeprom_module/eeprom.o
                0x00002512                EEPROM_writeData
 .text.EEPROM_init
                0x00002576       0x30 ./HWAL/eeprom_module/eeprom.o
                0x00002576                EEPROM_init
 .text.main     0x000025a6       0x3c ./APP_layer/HMI_main.o
                0x000025a6                main
 .text.uartMsgInetrruptHandler
                0x000025e2       0xc8 ./APP_layer/HMI_main.o
                0x000025e2                uartMsgInetrruptHandler
 .text.HMI_matchError
                0x000026aa        0xe ./APP_layer/HMI_utility_functions.o
                0x000026aa                HMI_matchError
 .text.HMI_updated
                0x000026b8       0x2e ./APP_layer/HMI_utility_functions.o
                0x000026b8                HMI_updated
 .text.HMI_success
                0x000026e6       0x1e ./APP_layer/HMI_utility_functions.o
                0x000026e6                HMI_success
 .text.HMI_firstTimeMSG
                0x00002704       0x2e ./APP_layer/HMI_utility_functions.o
                0x00002704                HMI_firstTimeMSG
 .text.HMI_displayMainMenu
                0x00002732       0x46 ./APP_layer/HMI_utility_functions.o
                0x00002732                HMI_displayMainMenu
 .text.HMI_moveArrow
                0x00002778       0x4e ./APP_layer/HMI_utility_functions.o
                0x00002778                HMI_moveArrow
 .text.HMI_alarm
                0x000027c6       0x1e ./APP_layer/HMI_utility_functions.o
                0x000027c6                HMI_alarm
 .text.HMI_repeat_password
                0x000027e4       0xbe ./APP_layer/HMI_utility_functions.o
                0x000027e4                HMI_repeat_password
 .text.HMI_set_password
                0x000028a2       0xbe ./APP_layer/HMI_utility_functions.o
                0x000028a2                HMI_set_password
 .text.HMI_getpassword
                0x00002960       0xbe ./APP_layer/HMI_utility_functions.o
                0x00002960                HMI_getpassword
 .text.HMI_getOldPassword
                0x00002a1e       0xbe ./APP_layer/HMI_utility_functions.o
                0x00002a1e                HMI_getOldPassword
 .text.select   0x00002adc       0x58 ./APP_layer/HMI_utility_functions.o
                0x00002adc                select
 .text.movedown
                0x00002b34       0x90 ./APP_layer/HMI_utility_functions.o
                0x00002b34                movedown
 .text.moveup   0x00002bc4       0x90 ./APP_layer/HMI_utility_functions.o
                0x00002bc4                moveup
 .text.libgcc   0x00002c54       0x28 c:/winavr-20100110/bin/../lib/gcc/avr/4.3.3/avr5\libgcc.a(_udivmodhi4.o)
                0x00002c54                __udivmodhi4
 .text.libgcc   0x00002c7c       0x44 c:/winavr-20100110/bin/../lib/gcc/avr/4.3.3/avr5\libgcc.a(_udivmodsi4.o)
                0x00002c7c                __udivmodsi4
 .text.libgcc   0x00002cc0        0x0 c:/winavr-20100110/bin/../lib/gcc/avr/4.3.3/avr5\libgcc.a(_exit.o)
 .text.libgcc   0x00002cc0        0x0 c:/winavr-20100110/bin/../lib/gcc/avr/4.3.3/avr5\libgcc.a(_copy_data.o)
 .text.libgcc   0x00002cc0        0x0 c:/winavr-20100110/bin/../lib/gcc/avr/4.3.3/avr5\libgcc.a(_clear_bss.o)
 .text.libgcc   0x00002cc0       0x38 c:/winavr-20100110/bin/../lib/gcc/avr/4.3.3/avr5\libgcc.a(_prologue.o)
                0x00002cc0                __prologue_saves__
 .text.libgcc   0x00002cf8       0x36 c:/winavr-20100110/bin/../lib/gcc/avr/4.3.3/avr5\libgcc.a(_epilogue.o)
                0x00002cf8                __epilogue_restores__
                0x00002d2e                . = ALIGN (0x2)
 *(.fini9)
 .fini9         0x00002d2e        0x0 c:/winavr-20100110/bin/../lib/gcc/avr/4.3.3/avr5\libgcc.a(_exit.o)
                0x00002d2e                exit
                0x00002d2e                _exit
 *(.fini9)
 *(.fini8)
 *(.fini8)
 *(.fini7)
 *(.fini7)
 *(.fini6)
 *(.fini6)
 *(.fini5)
 *(.fini5)
 *(.fini4)
 *(.fini4)
 *(.fini3)
 *(.fini3)
 *(.fini2)
 *(.fini2)
 *(.fini1)
 *(.fini1)
 *(.fini0)
 .fini0         0x00002d2e        0x4 c:/winavr-20100110/bin/../lib/gcc/avr/4.3.3/avr5\libgcc.a(_exit.o)
 *(.fini0)
                0x00002d32                _etext = .

.data           0x00800060      0x200 load address 0x00002d32
                0x00800060                PROVIDE (__data_start, .)
 *(.data)
 .data          0x00800060        0x0 c:/winavr-20100110/bin/../lib/gcc/avr/4.3.3/../../../../avr/lib/avr5/crtm16.o
 .data          0x00800060        0x0 ./MCAL/uart_module/uart.o
 .data          0x00800060        0x0 ./MCAL/timer_module/timer.o
 .data          0x00800060        0x0 ./MCAL/i2c/i2c.o
 .data          0x00800060        0x0 ./MCAL/external_interrupt/external_interrupt.o
 .data          0x00800060        0x0 ./MCAL/dio_module/dio.o
 .data          0x00800060        0x0 ./MCAL/PWM_module/pwm.o
 .data          0x00800060        0x0 ./HWAL/motor_module/l293D.o
 .data          0x00800060        0x0 ./HWAL/lcd_module/lcd.o
 .data          0x00800060        0x0 ./HWAL/keypad_module/keypad.o
 .data          0x00800060        0x0 ./HWAL/eeprom_module/eeprom.o
 .data          0x00800060        0x0 ./APP_layer/HMI_main.o
 .data          0x00800060       0xc2 ./APP_layer/HMI_utility_functions.o
 .data          0x00800122        0x0 ./APP_layer/HW_config.o
 .data          0x00800122        0x0 c:/winavr-20100110/bin/../lib/gcc/avr/4.3.3/avr5\libgcc.a(_udivmodhi4.o)
 .data          0x00800122        0x0 c:/winavr-20100110/bin/../lib/gcc/avr/4.3.3/avr5\libgcc.a(_udivmodsi4.o)
 .data          0x00800122        0x0 c:/winavr-20100110/bin/../lib/gcc/avr/4.3.3/avr5\libgcc.a(_exit.o)
 .data          0x00800122        0x0 c:/winavr-20100110/bin/../lib/gcc/avr/4.3.3/avr5\libgcc.a(_copy_data.o)
 .data          0x00800122        0x0 c:/winavr-20100110/bin/../lib/gcc/avr/4.3.3/avr5\libgcc.a(_clear_bss.o)
 .data          0x00800122        0x0 c:/winavr-20100110/bin/../lib/gcc/avr/4.3.3/avr5\libgcc.a(_fixunssfsi.o)
 .data          0x00800122        0x0 c:/winavr-20100110/bin/../lib/gcc/avr/4.3.3/avr5\libgcc.a(_addsub_sf.o)
 .data          0x00800122        0x0 c:/winavr-20100110/bin/../lib/gcc/avr/4.3.3/avr5\libgcc.a(_div_sf.o)
 .data          0x00800122        0x0 c:/winavr-20100110/bin/../lib/gcc/avr/4.3.3/avr5\libgcc.a(_ge_sf.o)
 .data          0x00800122        0x0 c:/winavr-20100110/bin/../lib/gcc/avr/4.3.3/avr5\libgcc.a(_sf_to_si.o)
 .data          0x00800122        0x8 c:/winavr-20100110/bin/../lib/gcc/avr/4.3.3/avr5\libgcc.a(_thenan_sf.o)
                0x00800122                __thenan_sf
 .data          0x0080012a        0x0 c:/winavr-20100110/bin/../lib/gcc/avr/4.3.3/avr5\libgcc.a(_usi_to_sf.o)
 .data          0x0080012a        0x0 c:/winavr-20100110/bin/../lib/gcc/avr/4.3.3/avr5\libgcc.a(_prologue.o)
 .data          0x0080012a        0x0 c:/winavr-20100110/bin/../lib/gcc/avr/4.3.3/avr5\libgcc.a(_epilogue.o)
 .data          0x0080012a        0x0 c:/winavr-20100110/bin/../lib/gcc/avr/4.3.3/avr5\libgcc.a(_clzsi2.o)
 .data          0x0080012a        0x0 c:/winavr-20100110/bin/../lib/gcc/avr/4.3.3/avr5\libgcc.a(_pack_sf.o)
 .data          0x0080012a        0x0 c:/winavr-20100110/bin/../lib/gcc/avr/4.3.3/avr5\libgcc.a(_unpack_sf.o)
 .data          0x0080012a        0x0 c:/winavr-20100110/bin/../lib/gcc/avr/4.3.3/avr5\libgcc.a(_fpcmp_parts_sf.o)
 .data          0x0080012a      0x100 c:/winavr-20100110/bin/../lib/gcc/avr/4.3.3/avr5\libgcc.a(_clz.o)
                0x0080012a                __clz_tab
 *(.data*)
 .data.data     0x0080022a        0x4 ./HWAL/lcd_module/lcd.o
                0x0080022a                data
 .data.RS       0x0080022e        0x4 ./HWAL/lcd_module/lcd.o
                0x0080022e                RS
 .data.RW       0x00800232        0x4 ./HWAL/lcd_module/lcd.o
                0x00800232                RW
 .data.E        0x00800236        0x4 ./HWAL/lcd_module/lcd.o
                0x00800236                E
 .data.V0       0x0080023a        0x4 ./HWAL/lcd_module/lcd.o
                0x0080023a                V0
 .data.keypad   0x0080023e        0x4 ./HWAL/keypad_module/keypad.o
                0x0080023e                keypad
 .data.pos      0x00800242        0x1 ./APP_layer/HMI_utility_functions.o
                0x00800242                pos
 .data.buzzer   0x00800243        0x4 ./APP_layer/HW_config.o
                0x00800243                buzzer
 .data.uart     0x00800247        0x7 ./APP_layer/HW_config.o
                0x00800247                uart
 .data.downbutton
                0x0080024e        0x5 ./APP_layer/HW_config.o
                0x0080024e                downbutton
 .data.upbutton
                0x00800253        0x5 ./APP_layer/HW_config.o
                0x00800253                upbutton
 .data.selectbutton
                0x00800258        0x5 ./APP_layer/HW_config.o
                0x00800258                selectbutton
 *(.rodata)
 *(.rodata*)
 .rodata.C.0.1291
                0x0080025d        0x3 ./HWAL/eeprom_module/eeprom.o
 *(.gnu.linkonce.d*)
                0x00800260                . = ALIGN (0x2)
                0x00800260                _edata = .
                0x00800260                PROVIDE (__data_end, .)

.bss            0x00800260       0x1b
                0x00800260                PROVIDE (__bss_start, .)
 *(.bss)
 .bss           0x00800260        0x0 c:/winavr-20100110/bin/../lib/gcc/avr/4.3.3/../../../../avr/lib/avr5/crtm16.o
 .bss           0x00800260        0x0 ./MCAL/uart_module/uart.o
 .bss           0x00800260        0x0 ./MCAL/timer_module/timer.o
 .bss           0x00800260        0x0 ./MCAL/i2c/i2c.o
 .bss           0x00800260        0x0 ./MCAL/external_interrupt/external_interrupt.o
 .bss           0x00800260        0x0 ./MCAL/dio_module/dio.o
 .bss           0x00800260        0x0 ./MCAL/PWM_module/pwm.o
 .bss           0x00800260        0x0 ./HWAL/motor_module/l293D.o
 .bss           0x00800260        0x0 ./HWAL/lcd_module/lcd.o
 .bss           0x00800260        0x0 ./HWAL/keypad_module/keypad.o
 .bss           0x00800260        0x0 ./HWAL/eeprom_module/eeprom.o
 .bss           0x00800260        0x0 ./APP_layer/HMI_main.o
 .bss           0x00800260        0x0 ./APP_layer/HMI_utility_functions.o
 .bss           0x00800260        0x0 ./APP_layer/HW_config.o
 .bss           0x00800260        0x0 c:/winavr-20100110/bin/../lib/gcc/avr/4.3.3/avr5\libgcc.a(_udivmodhi4.o)
 .bss           0x00800260        0x0 c:/winavr-20100110/bin/../lib/gcc/avr/4.3.3/avr5\libgcc.a(_udivmodsi4.o)
 .bss           0x00800260        0x0 c:/winavr-20100110/bin/../lib/gcc/avr/4.3.3/avr5\libgcc.a(_exit.o)
 .bss           0x00800260        0x0 c:/winavr-20100110/bin/../lib/gcc/avr/4.3.3/avr5\libgcc.a(_copy_data.o)
 .bss           0x00800260        0x0 c:/winavr-20100110/bin/../lib/gcc/avr/4.3.3/avr5\libgcc.a(_clear_bss.o)
 .bss           0x00800260        0x0 c:/winavr-20100110/bin/../lib/gcc/avr/4.3.3/avr5\libgcc.a(_fixunssfsi.o)
 .bss           0x00800260        0x0 c:/winavr-20100110/bin/../lib/gcc/avr/4.3.3/avr5\libgcc.a(_addsub_sf.o)
 .bss           0x00800260        0x0 c:/winavr-20100110/bin/../lib/gcc/avr/4.3.3/avr5\libgcc.a(_div_sf.o)
 .bss           0x00800260        0x0 c:/winavr-20100110/bin/../lib/gcc/avr/4.3.3/avr5\libgcc.a(_ge_sf.o)
 .bss           0x00800260        0x0 c:/winavr-20100110/bin/../lib/gcc/avr/4.3.3/avr5\libgcc.a(_sf_to_si.o)
 .bss           0x00800260        0x0 c:/winavr-20100110/bin/../lib/gcc/avr/4.3.3/avr5\libgcc.a(_thenan_sf.o)
 .bss           0x00800260        0x0 c:/winavr-20100110/bin/../lib/gcc/avr/4.3.3/avr5\libgcc.a(_usi_to_sf.o)
 .bss           0x00800260        0x0 c:/winavr-20100110/bin/../lib/gcc/avr/4.3.3/avr5\libgcc.a(_prologue.o)
 .bss           0x00800260        0x0 c:/winavr-20100110/bin/../lib/gcc/avr/4.3.3/avr5\libgcc.a(_epilogue.o)
 .bss           0x00800260        0x0 c:/winavr-20100110/bin/../lib/gcc/avr/4.3.3/avr5\libgcc.a(_clzsi2.o)
 .bss           0x00800260        0x0 c:/winavr-20100110/bin/../lib/gcc/avr/4.3.3/avr5\libgcc.a(_pack_sf.o)
 .bss           0x00800260        0x0 c:/winavr-20100110/bin/../lib/gcc/avr/4.3.3/avr5\libgcc.a(_unpack_sf.o)
 .bss           0x00800260        0x0 c:/winavr-20100110/bin/../lib/gcc/avr/4.3.3/avr5\libgcc.a(_fpcmp_parts_sf.o)
 .bss           0x00800260        0x0 c:/winavr-20100110/bin/../lib/gcc/avr/4.3.3/avr5\libgcc.a(_clz.o)
 *(.bss*)
 .bss.g_callback
                0x00800260        0x2 ./MCAL/uart_module/uart.o
                0x00800260                g_callback
 .bss.g_timer2compare
                0x00800262        0x2 ./MCAL/timer_module/timer.o
 .bss.g_timer2overflow
                0x00800264        0x2 ./MCAL/timer_module/timer.o
 .bss.g_timer1compare
                0x00800266        0x2 ./MCAL/timer_module/timer.o
 .bss.g_timer1overflow
                0x00800268        0x2 ./MCAL/timer_module/timer.o
 .bss.g_timer0compare
                0x0080026a        0x2 ./MCAL/timer_module/timer.o
 .bss.g_timer0overflow
                0x0080026c        0x2 ./MCAL/timer_module/timer.o
 .bss.timer0_Reload
                0x0080026e        0x2 ./MCAL/timer_module/timer.o
 .bss.timer1_Reload
                0x00800270        0x2 ./MCAL/timer_module/timer.o
 .bss.timer2_Reload
                0x00800272        0x2 ./MCAL/timer_module/timer.o
 .bss.g_INT1_functionPtr
                0x00800274        0x2 ./MCAL/external_interrupt/external_interrupt.o
 .bss.g_INT2_functionPtr
                0x00800276        0x2 ./MCAL/external_interrupt/external_interrupt.o
 .bss.g_INT0_functionPtr
                0x00800278        0x2 ./MCAL/external_interrupt/external_interrupt.o
 *(COMMON)
 COMMON         0x0080027a        0x1 ./MCAL/uart_module/uart.o
                0x0080027a                recieved_data
                0x0080027b                PROVIDE (__bss_end, .)
                0x00002d32                __data_load_start = LOADADDR (.data)
                0x00002f32                __data_load_end = (__data_load_start + SIZEOF (.data))

.noinit         0x0080027b        0x0
                0x0080027b                PROVIDE (__noinit_start, .)
 *(.noinit*)
                0x0080027b                PROVIDE (__noinit_end, .)
                0x0080027b                _end = .
                0x0080027b                PROVIDE (__heap_start, .)

.eeprom         0x00810000        0x0
 *(.eeprom*)
                0x00810000                __eeprom_end = .

.fuse
 *(.fuse)
 *(.lfuse)
 *(.hfuse)
 *(.efuse)

.lock
 *(.lock*)

.signature
 *(.signature*)

.stab           0x00000000     0x624c
 *(.stab)
 .stab          0x00000000      0x768 ./MCAL/uart_module/uart.o
 .stab          0x00000768      0x810 ./MCAL/timer_module/timer.o
                                0x9cc (size before relaxing)
 .stab          0x00000f78      0x3e4 ./MCAL/i2c/i2c.o
                                0x5a0 (size before relaxing)
 .stab          0x0000135c      0x564 ./MCAL/external_interrupt/external_interrupt.o
                                0x720 (size before relaxing)
 .stab          0x000018c0      0x5f4 ./MCAL/dio_module/dio.o
                                0x7b0 (size before relaxing)
 .stab          0x00001eb4      0x4a4 ./MCAL/PWM_module/pwm.o
                                0x660 (size before relaxing)
 .stab          0x00002358      0x4f8 ./HWAL/motor_module/l293D.o
                                0x6b4 (size before relaxing)
 .stab          0x00002850     0x1848 ./HWAL/lcd_module/lcd.o
                               0x1a04 (size before relaxing)
 .stab          0x00004098      0xa8c ./HWAL/keypad_module/keypad.o
                                0xc48 (size before relaxing)
 .stab          0x00004b24      0x408 ./HWAL/eeprom_module/eeprom.o
                                0x5c4 (size before relaxing)
 .stab          0x00004f2c      0x5c4 ./APP_layer/HMI_main.o
                                0x780 (size before relaxing)
 .stab          0x000054f0      0xba0 ./APP_layer/HMI_utility_functions.o
                                0xfe4 (size before relaxing)
 .stab          0x00006090      0x1bc ./APP_layer/HW_config.o
                                0x600 (size before relaxing)

.stabstr        0x00000000     0x39c9
 *(.stabstr)
 .stabstr       0x00000000     0x39c9 ./MCAL/uart_module/uart.o

.stab.excl
 *(.stab.excl)

.stab.exclstr
 *(.stab.exclstr)

.stab.index
 *(.stab.index)

.stab.indexstr
 *(.stab.indexstr)

.comment
 *(.comment)

.debug
 *(.debug)

.line
 *(.line)

.debug_srcinfo
 *(.debug_srcinfo)

.debug_sfnames
 *(.debug_sfnames)

.debug_aranges  0x00000000      0x140
 *(.debug_aranges)
 .debug_aranges
                0x00000000       0x20 c:/winavr-20100110/bin/../lib/gcc/avr/4.3.3/avr5\libgcc.a(_fixunssfsi.o)
 .debug_aranges
                0x00000020       0x20 c:/winavr-20100110/bin/../lib/gcc/avr/4.3.3/avr5\libgcc.a(_addsub_sf.o)
 .debug_aranges
                0x00000040       0x20 c:/winavr-20100110/bin/../lib/gcc/avr/4.3.3/avr5\libgcc.a(_div_sf.o)
 .debug_aranges
                0x00000060       0x20 c:/winavr-20100110/bin/../lib/gcc/avr/4.3.3/avr5\libgcc.a(_ge_sf.o)
 .debug_aranges
                0x00000080       0x20 c:/winavr-20100110/bin/../lib/gcc/avr/4.3.3/avr5\libgcc.a(_sf_to_si.o)
 .debug_aranges
                0x000000a0       0x20 c:/winavr-20100110/bin/../lib/gcc/avr/4.3.3/avr5\libgcc.a(_usi_to_sf.o)
 .debug_aranges
                0x000000c0       0x20 c:/winavr-20100110/bin/../lib/gcc/avr/4.3.3/avr5\libgcc.a(_clzsi2.o)
 .debug_aranges
                0x000000e0       0x20 c:/winavr-20100110/bin/../lib/gcc/avr/4.3.3/avr5\libgcc.a(_pack_sf.o)
 .debug_aranges
                0x00000100       0x20 c:/winavr-20100110/bin/../lib/gcc/avr/4.3.3/avr5\libgcc.a(_unpack_sf.o)
 .debug_aranges
                0x00000120       0x20 c:/winavr-20100110/bin/../lib/gcc/avr/4.3.3/avr5\libgcc.a(_fpcmp_parts_sf.o)

.debug_pubnames
                0x00000000      0x197
 *(.debug_pubnames)
 .debug_pubnames
                0x00000000       0x23 c:/winavr-20100110/bin/../lib/gcc/avr/4.3.3/avr5\libgcc.a(_fixunssfsi.o)
 .debug_pubnames
                0x00000023       0x2c c:/winavr-20100110/bin/../lib/gcc/avr/4.3.3/avr5\libgcc.a(_addsub_sf.o)
 .debug_pubnames
                0x0000004f       0x1f c:/winavr-20100110/bin/../lib/gcc/avr/4.3.3/avr5\libgcc.a(_div_sf.o)
 .debug_pubnames
                0x0000006e       0x1e c:/winavr-20100110/bin/../lib/gcc/avr/4.3.3/avr5\libgcc.a(_ge_sf.o)
 .debug_pubnames
                0x0000008c       0x20 c:/winavr-20100110/bin/../lib/gcc/avr/4.3.3/avr5\libgcc.a(_sf_to_si.o)
 .debug_pubnames
                0x000000ac       0x22 c:/winavr-20100110/bin/../lib/gcc/avr/4.3.3/avr5\libgcc.a(_thenan_sf.o)
 .debug_pubnames
                0x000000ce       0x24 c:/winavr-20100110/bin/../lib/gcc/avr/4.3.3/avr5\libgcc.a(_usi_to_sf.o)
 .debug_pubnames
                0x000000f2       0x1f c:/winavr-20100110/bin/../lib/gcc/avr/4.3.3/avr5\libgcc.a(_clzsi2.o)
 .debug_pubnames
                0x00000111       0x1f c:/winavr-20100110/bin/../lib/gcc/avr/4.3.3/avr5\libgcc.a(_pack_sf.o)
 .debug_pubnames
                0x00000130       0x21 c:/winavr-20100110/bin/../lib/gcc/avr/4.3.3/avr5\libgcc.a(_unpack_sf.o)
 .debug_pubnames
                0x00000151       0x26 c:/winavr-20100110/bin/../lib/gcc/avr/4.3.3/avr5\libgcc.a(_fpcmp_parts_sf.o)
 .debug_pubnames
                0x00000177       0x20 c:/winavr-20100110/bin/../lib/gcc/avr/4.3.3/avr5\libgcc.a(_clz.o)

.debug_info     0x00000000     0x1a88
 *(.debug_info)
 .debug_info    0x00000000       0xb1 c:/winavr-20100110/bin/../lib/gcc/avr/4.3.3/avr5\libgcc.a(_fixunssfsi.o)
 .debug_info    0x000000b1      0x47a c:/winavr-20100110/bin/../lib/gcc/avr/4.3.3/avr5\libgcc.a(_addsub_sf.o)
 .debug_info    0x0000052b      0x3fc c:/winavr-20100110/bin/../lib/gcc/avr/4.3.3/avr5\libgcc.a(_div_sf.o)
 .debug_info    0x00000927      0x27f c:/winavr-20100110/bin/../lib/gcc/avr/4.3.3/avr5\libgcc.a(_ge_sf.o)
 .debug_info    0x00000ba6      0x2b0 c:/winavr-20100110/bin/../lib/gcc/avr/4.3.3/avr5\libgcc.a(_sf_to_si.o)
 .debug_info    0x00000e56      0x12c c:/winavr-20100110/bin/../lib/gcc/avr/4.3.3/avr5\libgcc.a(_thenan_sf.o)
 .debug_info    0x00000f82      0x206 c:/winavr-20100110/bin/../lib/gcc/avr/4.3.3/avr5\libgcc.a(_usi_to_sf.o)
 .debug_info    0x00001188      0x117 c:/winavr-20100110/bin/../lib/gcc/avr/4.3.3/avr5\libgcc.a(_clzsi2.o)
 .debug_info    0x0000129f      0x2df c:/winavr-20100110/bin/../lib/gcc/avr/4.3.3/avr5\libgcc.a(_pack_sf.o)
 .debug_info    0x0000157e      0x251 c:/winavr-20100110/bin/../lib/gcc/avr/4.3.3/avr5\libgcc.a(_unpack_sf.o)
 .debug_info    0x000017cf      0x210 c:/winavr-20100110/bin/../lib/gcc/avr/4.3.3/avr5\libgcc.a(_fpcmp_parts_sf.o)
 .debug_info    0x000019df       0xa9 c:/winavr-20100110/bin/../lib/gcc/avr/4.3.3/avr5\libgcc.a(_clz.o)
 *(.gnu.linkonce.wi.*)

.debug_abbrev   0x00000000      0xeb7
 *(.debug_abbrev)
 .debug_abbrev  0x00000000       0x5d c:/winavr-20100110/bin/../lib/gcc/avr/4.3.3/avr5\libgcc.a(_fixunssfsi.o)
 .debug_abbrev  0x0000005d      0x1ea c:/winavr-20100110/bin/../lib/gcc/avr/4.3.3/avr5\libgcc.a(_addsub_sf.o)
 .debug_abbrev  0x00000247      0x216 c:/winavr-20100110/bin/../lib/gcc/avr/4.3.3/avr5\libgcc.a(_div_sf.o)
 .debug_abbrev  0x0000045d      0x15a c:/winavr-20100110/bin/../lib/gcc/avr/4.3.3/avr5\libgcc.a(_ge_sf.o)
 .debug_abbrev  0x000005b7      0x17f c:/winavr-20100110/bin/../lib/gcc/avr/4.3.3/avr5\libgcc.a(_sf_to_si.o)
 .debug_abbrev  0x00000736       0xad c:/winavr-20100110/bin/../lib/gcc/avr/4.3.3/avr5\libgcc.a(_thenan_sf.o)
 .debug_abbrev  0x000007e3      0x157 c:/winavr-20100110/bin/../lib/gcc/avr/4.3.3/avr5\libgcc.a(_usi_to_sf.o)
 .debug_abbrev  0x0000093a       0xc4 c:/winavr-20100110/bin/../lib/gcc/avr/4.3.3/avr5\libgcc.a(_clzsi2.o)
 .debug_abbrev  0x000009fe      0x1c0 c:/winavr-20100110/bin/../lib/gcc/avr/4.3.3/avr5\libgcc.a(_pack_sf.o)
 .debug_abbrev  0x00000bbe      0x154 c:/winavr-20100110/bin/../lib/gcc/avr/4.3.3/avr5\libgcc.a(_unpack_sf.o)
 .debug_abbrev  0x00000d12      0x13b c:/winavr-20100110/bin/../lib/gcc/avr/4.3.3/avr5\libgcc.a(_fpcmp_parts_sf.o)
 .debug_abbrev  0x00000e4d       0x6a c:/winavr-20100110/bin/../lib/gcc/avr/4.3.3/avr5\libgcc.a(_clz.o)

.debug_line     0x00000000      0xdf7
 *(.debug_line)
 .debug_line    0x00000000       0xa7 c:/winavr-20100110/bin/../lib/gcc/avr/4.3.3/avr5\libgcc.a(_fixunssfsi.o)
 .debug_line    0x000000a7      0x2af c:/winavr-20100110/bin/../lib/gcc/avr/4.3.3/avr5\libgcc.a(_addsub_sf.o)
 .debug_line    0x00000356      0x1d5 c:/winavr-20100110/bin/../lib/gcc/avr/4.3.3/avr5\libgcc.a(_div_sf.o)
 .debug_line    0x0000052b       0xd3 c:/winavr-20100110/bin/../lib/gcc/avr/4.3.3/avr5\libgcc.a(_ge_sf.o)
 .debug_line    0x000005fe      0x109 c:/winavr-20100110/bin/../lib/gcc/avr/4.3.3/avr5\libgcc.a(_sf_to_si.o)
 .debug_line    0x00000707       0x90 c:/winavr-20100110/bin/../lib/gcc/avr/4.3.3/avr5\libgcc.a(_thenan_sf.o)
 .debug_line    0x00000797      0x133 c:/winavr-20100110/bin/../lib/gcc/avr/4.3.3/avr5\libgcc.a(_usi_to_sf.o)
 .debug_line    0x000008ca       0xa5 c:/winavr-20100110/bin/../lib/gcc/avr/4.3.3/avr5\libgcc.a(_clzsi2.o)
 .debug_line    0x0000096f      0x18a c:/winavr-20100110/bin/../lib/gcc/avr/4.3.3/avr5\libgcc.a(_pack_sf.o)
 .debug_line    0x00000af9      0x14b c:/winavr-20100110/bin/../lib/gcc/avr/4.3.3/avr5\libgcc.a(_unpack_sf.o)
 .debug_line    0x00000c44      0x137 c:/winavr-20100110/bin/../lib/gcc/avr/4.3.3/avr5\libgcc.a(_fpcmp_parts_sf.o)
 .debug_line    0x00000d7b       0x7c c:/winavr-20100110/bin/../lib/gcc/avr/4.3.3/avr5\libgcc.a(_clz.o)

.debug_frame    0x00000000      0x160
 *(.debug_frame)
 .debug_frame   0x00000000       0x20 c:/winavr-20100110/bin/../lib/gcc/avr/4.3.3/avr5\libgcc.a(_fixunssfsi.o)
 .debug_frame   0x00000020       0x40 c:/winavr-20100110/bin/../lib/gcc/avr/4.3.3/avr5\libgcc.a(_addsub_sf.o)
 .debug_frame   0x00000060       0x20 c:/winavr-20100110/bin/../lib/gcc/avr/4.3.3/avr5\libgcc.a(_div_sf.o)
 .debug_frame   0x00000080       0x20 c:/winavr-20100110/bin/../lib/gcc/avr/4.3.3/avr5\libgcc.a(_ge_sf.o)
 .debug_frame   0x000000a0       0x20 c:/winavr-20100110/bin/../lib/gcc/avr/4.3.3/avr5\libgcc.a(_sf_to_si.o)
 .debug_frame   0x000000c0       0x20 c:/winavr-20100110/bin/../lib/gcc/avr/4.3.3/avr5\libgcc.a(_usi_to_sf.o)
 .debug_frame   0x000000e0       0x20 c:/winavr-20100110/bin/../lib/gcc/avr/4.3.3/avr5\libgcc.a(_clzsi2.o)
 .debug_frame   0x00000100       0x20 c:/winavr-20100110/bin/../lib/gcc/avr/4.3.3/avr5\libgcc.a(_pack_sf.o)
 .debug_frame   0x00000120       0x20 c:/winavr-20100110/bin/../lib/gcc/avr/4.3.3/avr5\libgcc.a(_unpack_sf.o)
 .debug_frame   0x00000140       0x20 c:/winavr-20100110/bin/../lib/gcc/avr/4.3.3/avr5\libgcc.a(_fpcmp_parts_sf.o)

.debug_str      0x00000000      0x2bf
 *(.debug_str)
 .debug_str     0x00000000       0xbf c:/winavr-20100110/bin/../lib/gcc/avr/4.3.3/avr5\libgcc.a(_fixunssfsi.o)
                                 0xfe (size before relaxing)
 .debug_str     0x000000bf      0x14d c:/winavr-20100110/bin/../lib/gcc/avr/4.3.3/avr5\libgcc.a(_addsub_sf.o)
                                0x206 (size before relaxing)
 .debug_str     0x0000020c       0x35 c:/winavr-20100110/bin/../lib/gcc/avr/4.3.3/avr5\libgcc.a(_div_sf.o)
                                0x1c8 (size before relaxing)
 .debug_str     0x00000241        0x8 c:/winavr-20100110/bin/../lib/gcc/avr/4.3.3/avr5\libgcc.a(_ge_sf.o)
                                0x195 (size before relaxing)
 .debug_str     0x00000249        0xa c:/winavr-20100110/bin/../lib/gcc/avr/4.3.3/avr5\libgcc.a(_sf_to_si.o)
                                0x19e (size before relaxing)
 .debug_str     0x00000000      0x103 c:/winavr-20100110/bin/../lib/gcc/avr/4.3.3/avr5\libgcc.a(_thenan_sf.o)
 .debug_str     0x00000253       0x21 c:/winavr-20100110/bin/../lib/gcc/avr/4.3.3/avr5\libgcc.a(_usi_to_sf.o)
                                0x177 (size before relaxing)
 .debug_str     0x00000274       0x20 c:/winavr-20100110/bin/../lib/gcc/avr/4.3.3/avr5\libgcc.a(_clzsi2.o)
                                0x111 (size before relaxing)
 .debug_str     0x00000294       0x10 c:/winavr-20100110/bin/../lib/gcc/avr/4.3.3/avr5\libgcc.a(_pack_sf.o)
                                0x19d (size before relaxing)
 .debug_str     0x000002a4        0xb c:/winavr-20100110/bin/../lib/gcc/avr/4.3.3/avr5\libgcc.a(_unpack_sf.o)
                                0x17f (size before relaxing)
 .debug_str     0x000002af       0x10 c:/winavr-20100110/bin/../lib/gcc/avr/4.3.3/avr5\libgcc.a(_fpcmp_parts_sf.o)
                                0x163 (size before relaxing)
 .debug_str     0x00000000       0xf4 c:/winavr-20100110/bin/../lib/gcc/avr/4.3.3/avr5\libgcc.a(_clz.o)

.debug_loc      0x00000000      0x7f2
 *(.debug_loc)
 .debug_loc     0x00000000       0x34 c:/winavr-20100110/bin/../lib/gcc/avr/4.3.3/avr5\libgcc.a(_fixunssfsi.o)
 .debug_loc     0x00000034      0x32a c:/winavr-20100110/bin/../lib/gcc/avr/4.3.3/avr5\libgcc.a(_addsub_sf.o)
 .debug_loc     0x0000035e       0xc0 c:/winavr-20100110/bin/../lib/gcc/avr/4.3.3/avr5\libgcc.a(_div_sf.o)
 .debug_loc     0x0000041e       0x3c c:/winavr-20100110/bin/../lib/gcc/avr/4.3.3/avr5\libgcc.a(_ge_sf.o)
 .debug_loc     0x0000045a       0x7e c:/winavr-20100110/bin/../lib/gcc/avr/4.3.3/avr5\libgcc.a(_sf_to_si.o)
 .debug_loc     0x000004d8       0x4c c:/winavr-20100110/bin/../lib/gcc/avr/4.3.3/avr5\libgcc.a(_usi_to_sf.o)
 .debug_loc     0x00000524       0x94 c:/winavr-20100110/bin/../lib/gcc/avr/4.3.3/avr5\libgcc.a(_clzsi2.o)
 .debug_loc     0x000005b8      0x13e c:/winavr-20100110/bin/../lib/gcc/avr/4.3.3/avr5\libgcc.a(_pack_sf.o)
 .debug_loc     0x000006f6       0xac c:/winavr-20100110/bin/../lib/gcc/avr/4.3.3/avr5\libgcc.a(_unpack_sf.o)
 .debug_loc     0x000007a2       0x50 c:/winavr-20100110/bin/../lib/gcc/avr/4.3.3/avr5\libgcc.a(_fpcmp_parts_sf.o)

.debug_macinfo
 *(.debug_macinfo)
OUTPUT(HMI.elf elf32-avr)
LOAD linker stubs
