Archive member included because of file (symbol)

c:/winavr-20100110/bin/../lib/gcc/avr/4.3.3/avr5\libgcc.a(_udivmodhi4.o)
                              ./HWAL/lcd_module/lcd.o (__udivmodhi4)
c:/winavr-20100110/bin/../lib/gcc/avr/4.3.3/avr5\libgcc.a(_exit.o)
                              c:/winavr-20100110/bin/../lib/gcc/avr/4.3.3/../../../../avr/lib/avr5/crtm16.o (exit)
c:/winavr-20100110/bin/../lib/gcc/avr/4.3.3/avr5\libgcc.a(_copy_data.o)
                              ./HWAL/lcd_module/lcd.o (__do_copy_data)
c:/winavr-20100110/bin/../lib/gcc/avr/4.3.3/avr5\libgcc.a(_clear_bss.o)
                              ./MCAL/uart_module/uart.o (__do_clear_bss)
c:/winavr-20100110/bin/../lib/gcc/avr/4.3.3/avr5\libgcc.a(_fixunssfsi.o)
                              ./MCAL/uart_module/uart.o (__fixunssfsi)
c:/winavr-20100110/bin/../lib/gcc/avr/4.3.3/avr5\libgcc.a(_addsub_sf.o)
                              ./MCAL/uart_module/uart.o (__subsf3)
c:/winavr-20100110/bin/../lib/gcc/avr/4.3.3/avr5\libgcc.a(_mul_sf.o)
                              ./MCAL/uart_module/uart.o (__mulsf3)
c:/winavr-20100110/bin/../lib/gcc/avr/4.3.3/avr5\libgcc.a(_div_sf.o)
                              ./MCAL/uart_module/uart.o (__divsf3)
c:/winavr-20100110/bin/../lib/gcc/avr/4.3.3/avr5\libgcc.a(_ge_sf.o)
                              c:/winavr-20100110/bin/../lib/gcc/avr/4.3.3/avr5\libgcc.a(_fixunssfsi.o) (__gesf2)
c:/winavr-20100110/bin/../lib/gcc/avr/4.3.3/avr5\libgcc.a(_sf_to_si.o)
                              c:/winavr-20100110/bin/../lib/gcc/avr/4.3.3/avr5\libgcc.a(_fixunssfsi.o) (__fixsfsi)
c:/winavr-20100110/bin/../lib/gcc/avr/4.3.3/avr5\libgcc.a(_thenan_sf.o)
                              c:/winavr-20100110/bin/../lib/gcc/avr/4.3.3/avr5\libgcc.a(_addsub_sf.o) (__thenan_sf)
c:/winavr-20100110/bin/../lib/gcc/avr/4.3.3/avr5\libgcc.a(_usi_to_sf.o)
                              ./MCAL/uart_module/uart.o (__floatunsisf)
c:/winavr-20100110/bin/../lib/gcc/avr/4.3.3/avr5\libgcc.a(_prologue.o)
                              c:/winavr-20100110/bin/../lib/gcc/avr/4.3.3/avr5\libgcc.a(_addsub_sf.o) (__prologue_saves__)
c:/winavr-20100110/bin/../lib/gcc/avr/4.3.3/avr5\libgcc.a(_epilogue.o)
                              c:/winavr-20100110/bin/../lib/gcc/avr/4.3.3/avr5\libgcc.a(_addsub_sf.o) (__epilogue_restores__)
c:/winavr-20100110/bin/../lib/gcc/avr/4.3.3/avr5\libgcc.a(_clzsi2.o)
                              c:/winavr-20100110/bin/../lib/gcc/avr/4.3.3/avr5\libgcc.a(_usi_to_sf.o) (__clzsi2)
c:/winavr-20100110/bin/../lib/gcc/avr/4.3.3/avr5\libgcc.a(_pack_sf.o)
                              c:/winavr-20100110/bin/../lib/gcc/avr/4.3.3/avr5\libgcc.a(_addsub_sf.o) (__pack_f)
c:/winavr-20100110/bin/../lib/gcc/avr/4.3.3/avr5\libgcc.a(_unpack_sf.o)
                              c:/winavr-20100110/bin/../lib/gcc/avr/4.3.3/avr5\libgcc.a(_addsub_sf.o) (__unpack_f)
c:/winavr-20100110/bin/../lib/gcc/avr/4.3.3/avr5\libgcc.a(_fpcmp_parts_sf.o)
                              c:/winavr-20100110/bin/../lib/gcc/avr/4.3.3/avr5\libgcc.a(_ge_sf.o) (__fpcmp_parts_f)
c:/winavr-20100110/bin/../lib/gcc/avr/4.3.3/avr5\libgcc.a(_clz.o)
                              c:/winavr-20100110/bin/../lib/gcc/avr/4.3.3/avr5\libgcc.a(_clzsi2.o) (__clz_tab)

Allocating common symbols
Common symbol       size              file

recieved_data       0x1               ./MCAL/uart_module/uart.o

Memory Configuration

Name             Origin             Length             Attributes
text             0x00000000         0x00020000         xr
data             0x00800060         0x0000ffa0         rw !x
eeprom           0x00810000         0x00010000         rw !x
fuse             0x00820000         0x00000400         rw !x
lock             0x00830000         0x00000400         rw !x
signature        0x00840000         0x00000400         rw !x
*default*        0x00000000         0xffffffff

Linker script and memory map

LOAD c:/winavr-20100110/bin/../lib/gcc/avr/4.3.3/../../../../avr/lib/avr5/crtm16.o
LOAD ./MCAL/uart_module/uart.o
LOAD ./MCAL/timer_module/timer.o
LOAD ./MCAL/i2c/i2c.o
LOAD ./MCAL/external_interrupt/external_interrupt.o
LOAD ./MCAL/dio_module/dio.o
LOAD ./MCAL/PWM_module/pwm.o
LOAD ./HWAL/motor_module/l293D.o
LOAD ./HWAL/lcd_module/lcd.o
LOAD ./HWAL/keypad_module/keypad.o
LOAD ./HWAL/eeprom_module/eeprom.o
LOAD ./APP_layer/HW_config.o
LOAD ./APP_layer/controller_main.o
LOAD ./APP_layer/controller_utility_functions.o
LOAD c:/winavr-20100110/bin/../lib/gcc/avr/4.3.3/avr5\libgcc.a
LOAD c:/winavr-20100110/bin/../lib/gcc/avr/4.3.3/../../../../avr/lib/avr5\libc.a
LOAD c:/winavr-20100110/bin/../lib/gcc/avr/4.3.3/avr5\libgcc.a

.hash
 *(.hash)

.dynsym
 *(.dynsym)

.dynstr
 *(.dynstr)

.gnu.version
 *(.gnu.version)

.gnu.version_d
 *(.gnu.version_d)

.gnu.version_r
 *(.gnu.version_r)

.rel.init
 *(.rel.init)

.rela.init
 *(.rela.init)

.rel.text
 *(.rel.text)
 *(.rel.text.*)
 *(.rel.gnu.linkonce.t*)

.rela.text
 *(.rela.text)
 *(.rela.text.*)
 *(.rela.gnu.linkonce.t*)

.rel.fini
 *(.rel.fini)

.rela.fini
 *(.rela.fini)

.rel.rodata
 *(.rel.rodata)
 *(.rel.rodata.*)
 *(.rel.gnu.linkonce.r*)

.rela.rodata
 *(.rela.rodata)
 *(.rela.rodata.*)
 *(.rela.gnu.linkonce.r*)

.rel.data
 *(.rel.data)
 *(.rel.data.*)
 *(.rel.gnu.linkonce.d*)

.rela.data
 *(.rela.data)
 *(.rela.data.*)
 *(.rela.gnu.linkonce.d*)

.rel.ctors
 *(.rel.ctors)

.rela.ctors
 *(.rela.ctors)

.rel.dtors
 *(.rel.dtors)

.rela.dtors
 *(.rela.dtors)

.rel.got
 *(.rel.got)

.rela.got
 *(.rela.got)

.rel.bss
 *(.rel.bss)

.rela.bss
 *(.rela.bss)

.rel.plt
 *(.rel.plt)

.rela.plt
 *(.rela.plt)

.text           0x00000000     0x2f92
 *(.vectors)
 .vectors       0x00000000       0x54 c:/winavr-20100110/bin/../lib/gcc/avr/4.3.3/../../../../avr/lib/avr5/crtm16.o
                0x00000000                __vectors
                0x00000000                __vector_default
 *(.vectors)
 *(.progmem.gcc*)
 *(.progmem*)
                0x00000054                . = ALIGN (0x2)
                0x00000054                __trampolines_start = .
 *(.trampolines)
 .trampolines   0x00000054        0x0 linker stubs
 *(.trampolines*)
                0x00000054                __trampolines_end = .
 *(.jumptables)
 *(.jumptables*)
 *(.lowtext)
 *(.lowtext*)
                0x00000054                __ctors_start = .
 *(.ctors)
                0x00000054                __ctors_end = .
                0x00000054                __dtors_start = .
 *(.dtors)
                0x00000054                __dtors_end = .
 SORT(*)(.ctors)
 SORT(*)(.dtors)
 *(.init0)
 .init0         0x00000054        0x0 c:/winavr-20100110/bin/../lib/gcc/avr/4.3.3/../../../../avr/lib/avr5/crtm16.o
                0x00000054                __init
 *(.init0)
 *(.init1)
 *(.init1)
 *(.init2)
 .init2         0x00000054        0xc c:/winavr-20100110/bin/../lib/gcc/avr/4.3.3/../../../../avr/lib/avr5/crtm16.o
 *(.init2)
 *(.init3)
 *(.init3)
 *(.init4)
 .init4         0x00000060       0x16 c:/winavr-20100110/bin/../lib/gcc/avr/4.3.3/avr5\libgcc.a(_copy_data.o)
                0x00000060                __do_copy_data
 .init4         0x00000076       0x10 c:/winavr-20100110/bin/../lib/gcc/avr/4.3.3/avr5\libgcc.a(_clear_bss.o)
                0x00000076                __do_clear_bss
 *(.init4)
 *(.init5)
 *(.init5)
 *(.init6)
 *(.init6)
 *(.init7)
 *(.init7)
 *(.init8)
 *(.init8)
 *(.init9)
 .init9         0x00000086        0x8 c:/winavr-20100110/bin/../lib/gcc/avr/4.3.3/../../../../avr/lib/avr5/crtm16.o
 *(.init9)
 *(.text)
 .text          0x0000008e        0x4 c:/winavr-20100110/bin/../lib/gcc/avr/4.3.3/../../../../avr/lib/avr5/crtm16.o
                0x0000008e                __vector_12
                0x0000008e                __bad_interrupt
                0x0000008e                __vector_13
                0x0000008e                __vector_17
                0x0000008e                __vector_7
                0x0000008e                __vector_5
                0x0000008e                __vector_15
                0x0000008e                __vector_14
                0x0000008e                __vector_10
                0x0000008e                __vector_16
                0x0000008e                __vector_20
 .text          0x00000092        0x0 ./MCAL/uart_module/uart.o
 .text          0x00000092        0x0 ./MCAL/timer_module/timer.o
 .text          0x00000092        0x0 ./MCAL/i2c/i2c.o
 .text          0x00000092        0x0 ./MCAL/external_interrupt/external_interrupt.o
 .text          0x00000092        0x0 ./MCAL/dio_module/dio.o
 .text          0x00000092        0x0 ./MCAL/PWM_module/pwm.o
 .text          0x00000092        0x0 ./HWAL/motor_module/l293D.o
 .text          0x00000092        0x0 ./HWAL/lcd_module/lcd.o
 .text          0x00000092        0x0 ./HWAL/keypad_module/keypad.o
 .text          0x00000092        0x0 ./HWAL/eeprom_module/eeprom.o
 .text          0x00000092        0x0 ./APP_layer/HW_config.o
 .text          0x00000092        0x0 ./APP_layer/controller_main.o
 .text          0x00000092        0x0 ./APP_layer/controller_utility_functions.o
 .text          0x00000092        0x0 c:/winavr-20100110/bin/../lib/gcc/avr/4.3.3/avr5\libgcc.a(_udivmodhi4.o)
 .text          0x00000092        0x0 c:/winavr-20100110/bin/../lib/gcc/avr/4.3.3/avr5\libgcc.a(_exit.o)
 .text          0x00000092        0x0 c:/winavr-20100110/bin/../lib/gcc/avr/4.3.3/avr5\libgcc.a(_copy_data.o)
 .text          0x00000092        0x0 c:/winavr-20100110/bin/../lib/gcc/avr/4.3.3/avr5\libgcc.a(_clear_bss.o)
 .text          0x00000092       0x58 c:/winavr-20100110/bin/../lib/gcc/avr/4.3.3/avr5\libgcc.a(_fixunssfsi.o)
                0x00000092                __fixunssfsi
 .text          0x000000ea      0x354 c:/winavr-20100110/bin/../lib/gcc/avr/4.3.3/avr5\libgcc.a(_addsub_sf.o)
                0x00000382                __subsf3
                0x000003e4                __addsf3
 .text          0x0000043e      0x1f4 c:/winavr-20100110/bin/../lib/gcc/avr/4.3.3/avr5\libgcc.a(_mul_sf.o)
                0x0000043e                __mulsf3
 .text          0x00000632      0x158 c:/winavr-20100110/bin/../lib/gcc/avr/4.3.3/avr5\libgcc.a(_div_sf.o)
                0x00000632                __divsf3
 .text          0x0000078a       0x60 c:/winavr-20100110/bin/../lib/gcc/avr/4.3.3/avr5\libgcc.a(_ge_sf.o)
                0x0000078a                __gesf2
 .text          0x000007ea       0xa8 c:/winavr-20100110/bin/../lib/gcc/avr/4.3.3/avr5\libgcc.a(_sf_to_si.o)
                0x000007ea                __fixsfsi
 .text          0x00000892        0x0 c:/winavr-20100110/bin/../lib/gcc/avr/4.3.3/avr5\libgcc.a(_thenan_sf.o)
 .text          0x00000892       0xf2 c:/winavr-20100110/bin/../lib/gcc/avr/4.3.3/avr5\libgcc.a(_usi_to_sf.o)
                0x00000892                __floatunsisf
 .text          0x00000984        0x0 c:/winavr-20100110/bin/../lib/gcc/avr/4.3.3/avr5\libgcc.a(_prologue.o)
 .text          0x00000984        0x0 c:/winavr-20100110/bin/../lib/gcc/avr/4.3.3/avr5\libgcc.a(_epilogue.o)
 .text          0x00000984       0x9e c:/winavr-20100110/bin/../lib/gcc/avr/4.3.3/avr5\libgcc.a(_clzsi2.o)
                0x00000984                __clzsi2
 .text          0x00000a22      0x1aa c:/winavr-20100110/bin/../lib/gcc/avr/4.3.3/avr5\libgcc.a(_pack_sf.o)
                0x00000a22                __pack_f
 .text          0x00000bcc       0xf0 c:/winavr-20100110/bin/../lib/gcc/avr/4.3.3/avr5\libgcc.a(_unpack_sf.o)
                0x00000bcc                __unpack_f
 .text          0x00000cbc       0xb2 c:/winavr-20100110/bin/../lib/gcc/avr/4.3.3/avr5\libgcc.a(_fpcmp_parts_sf.o)
                0x00000cbc                __fpcmp_parts_f
 .text          0x00000d6e        0x0 c:/winavr-20100110/bin/../lib/gcc/avr/4.3.3/avr5\libgcc.a(_clz.o)
                0x00000d6e                . = ALIGN (0x2)
 *(.text.*)
 .text.UART_init
                0x00000d6e       0xe0 ./MCAL/uart_module/uart.o
                0x00000d6e                UART_init
 .text.UART_transmit
                0x00000e4e        0x8 ./MCAL/uart_module/uart.o
                0x00000e4e                UART_transmit
 .text.UART_receive
                0x00000e56        0x8 ./MCAL/uart_module/uart.o
                0x00000e56                UART_receive
 .text.UART_transmitString
                0x00000e5e       0x1e ./MCAL/uart_module/uart.o
                0x00000e5e                UART_transmitString
 .text.UART_receiveString
                0x00000e7c       0x1c ./MCAL/uart_module/uart.o
                0x00000e7c                UART_receiveString
 .text.UART_setcallback
                0x00000e98        0xa ./MCAL/uart_module/uart.o
                0x00000e98                UART_setcallback
 .text.__vector_11
                0x00000ea2       0x58 ./MCAL/uart_module/uart.o
                0x00000ea2                __vector_11
 .text.TIMER_start
                0x00000efa      0x1c8 ./MCAL/timer_module/timer.o
                0x00000efa                TIMER_start
 .text.TIMER_stop
                0x000010c2       0x2a ./MCAL/timer_module/timer.o
                0x000010c2                TIMER_stop
 .text.__vector_9
                0x000010ec       0x5c ./MCAL/timer_module/timer.o
                0x000010ec                __vector_9
 .text.__vector_19
                0x00001148       0x52 ./MCAL/timer_module/timer.o
                0x00001148                __vector_19
 .text.__vector_8
                0x0000119a       0x5e ./MCAL/timer_module/timer.o
                0x0000119a                __vector_8
 .text.__vector_6
                0x000011f8       0x52 ./MCAL/timer_module/timer.o
                0x000011f8                __vector_6
 .text.__vector_4
                0x0000124a       0x5c ./MCAL/timer_module/timer.o
                0x0000124a                __vector_4
 .text.__vector_3
                0x000012a6       0x52 ./MCAL/timer_module/timer.o
                0x000012a6                __vector_3
 .text.TWI_init
                0x000012f8       0x1e ./MCAL/i2c/i2c.o
                0x000012f8                TWI_init
 .text.TWI_start
                0x00001316        0xc ./MCAL/i2c/i2c.o
                0x00001316                TWI_start
 .text.TWI_stop
                0x00001322        0x6 ./MCAL/i2c/i2c.o
                0x00001322                TWI_stop
 .text.TWI_write
                0x00001328        0xe ./MCAL/i2c/i2c.o
                0x00001328                TWI_write
 .text.TWI_readWithACK
                0x00001336        0xe ./MCAL/i2c/i2c.o
                0x00001336                TWI_readWithACK
 .text.TWI_readWithNACK
                0x00001344        0xe ./MCAL/i2c/i2c.o
                0x00001344                TWI_readWithNACK
 .text.TWI_getStatus
                0x00001352        0x6 ./MCAL/i2c/i2c.o
                0x00001352                TWI_getStatus
 .text.EINT_changeSenseControl
                0x00001358       0x42 ./MCAL/external_interrupt/external_interrupt.o
                0x00001358                EINT_changeSenseControl
 .text.__vector_1
                0x0000139a       0x52 ./MCAL/external_interrupt/external_interrupt.o
                0x0000139a                __vector_1
 .text.__vector_2
                0x000013ec       0x52 ./MCAL/external_interrupt/external_interrupt.o
                0x000013ec                __vector_2
 .text.__vector_18
                0x0000143e       0x5a ./MCAL/external_interrupt/external_interrupt.o
                0x0000143e                __vector_18
 .text.EINT_init
                0x00001498       0xda ./MCAL/external_interrupt/external_interrupt.o
                0x00001498                EINT_init
 .text.DIO_initChannel
                0x00001572      0x12a ./MCAL/dio_module/dio.o
                0x00001572                DIO_initChannel
 .text.DIO_writeChannel
                0x0000169c       0xce ./MCAL/dio_module/dio.o
                0x0000169c                DIO_writeChannel
 .text.DIO_readChannel
                0x0000176a       0x70 ./MCAL/dio_module/dio.o
                0x0000176a                DIO_readChannel
 .text.DIO_initPort
                0x000017da       0xd0 ./MCAL/dio_module/dio.o
                0x000017da                DIO_initPort
 .text.DIO_writePort
                0x000018aa       0x56 ./MCAL/dio_module/dio.o
                0x000018aa                DIO_writePort
 .text.DIO_PORTDirection
                0x00001900       0x56 ./MCAL/dio_module/dio.o
                0x00001900                DIO_PORTDirection
 .text.DIO_readPort
                0x00001956       0x42 ./MCAL/dio_module/dio.o
                0x00001956                DIO_readPort
 .text.PWM_start
                0x00001998      0x10a ./MCAL/PWM_module/pwm.o
                0x00001998                PWM_start
 .text.PWM_stop
                0x00001aa2       0x22 ./MCAL/PWM_module/pwm.o
                0x00001aa2                PWM_stop
 .text.PWM_change_DutyCycle
                0x00001ac4       0x26 ./MCAL/PWM_module/pwm.o
                0x00001ac4                PWM_change_DutyCycle
 .text.MOTOR_changeDirection
                0x00001aea       0x40 ./HWAL/motor_module/l293D.o
                0x00001aea                MOTOR_changeDirection
 .text.MOTOR_stop
                0x00001b2a        0xa ./HWAL/motor_module/l293D.o
                0x00001b2a                MOTOR_stop
 .text.MOTOR_start
                0x00001b34       0x46 ./HWAL/motor_module/l293D.o
                0x00001b34                MOTOR_start
 .text.MOTOR_init
                0x00001b7a       0x62 ./HWAL/motor_module/l293D.o
                0x00001b7a                MOTOR_init
 .text.LCD_characterDisplay
                0x00001bdc       0xb2 ./HWAL/lcd_module/lcd.o
                0x00001bdc                LCD_characterDisplay
 .text.LCD_sendCommand
                0x00001c8e       0xb2 ./HWAL/lcd_module/lcd.o
                0x00001c8e                LCD_sendCommand
 .text.LCD_displayString
                0x00001d40       0xb8 ./HWAL/lcd_module/lcd.o
                0x00001d40                LCD_displayString
 .text.LCD_clearScreen
                0x00001df8       0x96 ./HWAL/lcd_module/lcd.o
                0x00001df8                LCD_clearScreen
 .text.LCD_goTo
                0x00001e8e       0xca ./HWAL/lcd_module/lcd.o
                0x00001e8e                LCD_goTo
 .text.LCD_init
                0x00001f58      0x192 ./HWAL/lcd_module/lcd.o
                0x00001f58                LCD_init
 .text.LCD_displayNumber
                0x000020ea      0x1cc ./HWAL/lcd_module/lcd.o
                0x000020ea                LCD_displayNumber
 .text.KEYPAD_keyRelaesed
                0x000022b6       0x92 ./HWAL/keypad_module/keypad.o
                0x000022b6                KEYPAD_keyRelaesed
 .text.KEYPAD_pressPosition
                0x00002348       0xa2 ./HWAL/keypad_module/keypad.o
                0x00002348                KEYPAD_pressPosition
 .text.KEYPAD_getCharacter
                0x000023ea      0x132 ./HWAL/keypad_module/keypad.o
                0x000023ea                KEYPAD_getCharacter
 .text.KEYPAD_getNumber
                0x0000251c      0x136 ./HWAL/keypad_module/keypad.o
                0x0000251c                KEYPAD_getNumber
 .text.EEPROM_readData
                0x00002652       0x8e ./HWAL/eeprom_module/eeprom.o
                0x00002652                EEPROM_readData
 .text.EEPROM_writeData
                0x000026e0       0x64 ./HWAL/eeprom_module/eeprom.o
                0x000026e0                EEPROM_writeData
 .text.EEPROM_init
                0x00002744       0x30 ./HWAL/eeprom_module/eeprom.o
                0x00002744                EEPROM_init
 .text.main     0x00002774       0x90 ./APP_layer/controller_main.o
                0x00002774                main
 .text.CONT_sendMSG
                0x00002804       0x44 ./APP_layer/controller_utility_functions.o
                0x00002804                CONT_sendMSG
 .text.CONT_startAlarm
                0x00002848       0x14 ./APP_layer/controller_utility_functions.o
                0x00002848                CONT_startAlarm
 .text.CONT_keepOpen
                0x0000285c        0xa ./APP_layer/controller_utility_functions.o
                0x0000285c                CONT_keepOpen
 .text.CONT_closedoor
                0x00002866       0x2c ./APP_layer/controller_utility_functions.o
                0x00002866                CONT_closedoor
 .text.CONT_opendoor
                0x00002892       0x2c ./APP_layer/controller_utility_functions.o
                0x00002892                CONT_opendoor
 .text.alarminterruptHandler
                0x000028be       0x3a ./APP_layer/controller_utility_functions.o
                0x000028be                alarminterruptHandler
 .text.motorTimerInterruptHandler
                0x000028f8       0x42 ./APP_layer/controller_utility_functions.o
                0x000028f8                motorTimerInterruptHandler
 .text.CONT_updatePassword
                0x0000293a       0x6a ./APP_layer/controller_utility_functions.o
                0x0000293a                CONT_updatePassword
 .text.CONT_getPassword
                0x000029a4       0x62 ./APP_layer/controller_utility_functions.o
                0x000029a4                CONT_getPassword
 .text.CONT_getAndCompPassword
                0x00002a06      0x176 ./APP_layer/controller_utility_functions.o
                0x00002a06                CONT_getAndCompPassword
 .text.CONT_setPassword
                0x00002b7c      0x1fe ./APP_layer/controller_utility_functions.o
                0x00002b7c                CONT_setPassword
 .text.keepOpeninterruptHandler
                0x00002d7a       0x52 ./APP_layer/controller_utility_functions.o
                0x00002d7a                keepOpeninterruptHandler
 .text.CONT_firstRunCheck
                0x00002dcc       0x90 ./APP_layer/controller_utility_functions.o
                0x00002dcc                CONT_firstRunCheck
 .text.CONT_password_match
                0x00002e5c       0x9c ./APP_layer/controller_utility_functions.o
                0x00002e5c                CONT_password_match
 .text.libgcc   0x00002ef8       0x28 c:/winavr-20100110/bin/../lib/gcc/avr/4.3.3/avr5\libgcc.a(_udivmodhi4.o)
                0x00002ef8                __udivmodhi4
 .text.libgcc   0x00002f20        0x0 c:/winavr-20100110/bin/../lib/gcc/avr/4.3.3/avr5\libgcc.a(_exit.o)
 .text.libgcc   0x00002f20        0x0 c:/winavr-20100110/bin/../lib/gcc/avr/4.3.3/avr5\libgcc.a(_copy_data.o)
 .text.libgcc   0x00002f20        0x0 c:/winavr-20100110/bin/../lib/gcc/avr/4.3.3/avr5\libgcc.a(_clear_bss.o)
 .text.libgcc   0x00002f20       0x38 c:/winavr-20100110/bin/../lib/gcc/avr/4.3.3/avr5\libgcc.a(_prologue.o)
                0x00002f20                __prologue_saves__
 .text.libgcc   0x00002f58       0x36 c:/winavr-20100110/bin/../lib/gcc/avr/4.3.3/avr5\libgcc.a(_epilogue.o)
                0x00002f58                __epilogue_restores__
                0x00002f8e                . = ALIGN (0x2)
 *(.fini9)
 .fini9         0x00002f8e        0x0 c:/winavr-20100110/bin/../lib/gcc/avr/4.3.3/avr5\libgcc.a(_exit.o)
                0x00002f8e                exit
                0x00002f8e                _exit
 *(.fini9)
 *(.fini8)
 *(.fini8)
 *(.fini7)
 *(.fini7)
 *(.fini6)
 *(.fini6)
 *(.fini5)
 *(.fini5)
 *(.fini4)
 *(.fini4)
 *(.fini3)
 *(.fini3)
 *(.fini2)
 *(.fini2)
 *(.fini1)
 *(.fini1)
 *(.fini0)
 .fini0         0x00002f8e        0x4 c:/winavr-20100110/bin/../lib/gcc/avr/4.3.3/avr5\libgcc.a(_exit.o)
 *(.fini0)
                0x00002f92                _etext = .

.data           0x00800060      0x14e load address 0x00002f92
                0x00800060                PROVIDE (__data_start, .)
 *(.data)
 .data          0x00800060        0x0 c:/winavr-20100110/bin/../lib/gcc/avr/4.3.3/../../../../avr/lib/avr5/crtm16.o
 .data          0x00800060        0x0 ./MCAL/uart_module/uart.o
 .data          0x00800060        0x0 ./MCAL/timer_module/timer.o
 .data          0x00800060        0x0 ./MCAL/i2c/i2c.o
 .data          0x00800060        0x0 ./MCAL/external_interrupt/external_interrupt.o
 .data          0x00800060        0x0 ./MCAL/dio_module/dio.o
 .data          0x00800060        0x0 ./MCAL/PWM_module/pwm.o
 .data          0x00800060        0x0 ./HWAL/motor_module/l293D.o
 .data          0x00800060        0x0 ./HWAL/lcd_module/lcd.o
 .data          0x00800060        0x0 ./HWAL/keypad_module/keypad.o
 .data          0x00800060        0x0 ./HWAL/eeprom_module/eeprom.o
 .data          0x00800060        0x0 ./APP_layer/HW_config.o
 .data          0x00800060        0x0 ./APP_layer/controller_main.o
 .data          0x00800060        0x0 ./APP_layer/controller_utility_functions.o
 .data          0x00800060        0x0 c:/winavr-20100110/bin/../lib/gcc/avr/4.3.3/avr5\libgcc.a(_udivmodhi4.o)
 .data          0x00800060        0x0 c:/winavr-20100110/bin/../lib/gcc/avr/4.3.3/avr5\libgcc.a(_exit.o)
 .data          0x00800060        0x0 c:/winavr-20100110/bin/../lib/gcc/avr/4.3.3/avr5\libgcc.a(_copy_data.o)
 .data          0x00800060        0x0 c:/winavr-20100110/bin/../lib/gcc/avr/4.3.3/avr5\libgcc.a(_clear_bss.o)
 .data          0x00800060        0x0 c:/winavr-20100110/bin/../lib/gcc/avr/4.3.3/avr5\libgcc.a(_fixunssfsi.o)
 .data          0x00800060        0x0 c:/winavr-20100110/bin/../lib/gcc/avr/4.3.3/avr5\libgcc.a(_addsub_sf.o)
 .data          0x00800060        0x0 c:/winavr-20100110/bin/../lib/gcc/avr/4.3.3/avr5\libgcc.a(_mul_sf.o)
 .data          0x00800060        0x0 c:/winavr-20100110/bin/../lib/gcc/avr/4.3.3/avr5\libgcc.a(_div_sf.o)
 .data          0x00800060        0x0 c:/winavr-20100110/bin/../lib/gcc/avr/4.3.3/avr5\libgcc.a(_ge_sf.o)
 .data          0x00800060        0x0 c:/winavr-20100110/bin/../lib/gcc/avr/4.3.3/avr5\libgcc.a(_sf_to_si.o)
 .data          0x00800060        0x8 c:/winavr-20100110/bin/../lib/gcc/avr/4.3.3/avr5\libgcc.a(_thenan_sf.o)
                0x00800060                __thenan_sf
 .data          0x00800068        0x0 c:/winavr-20100110/bin/../lib/gcc/avr/4.3.3/avr5\libgcc.a(_usi_to_sf.o)
 .data          0x00800068        0x0 c:/winavr-20100110/bin/../lib/gcc/avr/4.3.3/avr5\libgcc.a(_prologue.o)
 .data          0x00800068        0x0 c:/winavr-20100110/bin/../lib/gcc/avr/4.3.3/avr5\libgcc.a(_epilogue.o)
 .data          0x00800068        0x0 c:/winavr-20100110/bin/../lib/gcc/avr/4.3.3/avr5\libgcc.a(_clzsi2.o)
 .data          0x00800068        0x0 c:/winavr-20100110/bin/../lib/gcc/avr/4.3.3/avr5\libgcc.a(_pack_sf.o)
 .data          0x00800068        0x0 c:/winavr-20100110/bin/../lib/gcc/avr/4.3.3/avr5\libgcc.a(_unpack_sf.o)
 .data          0x00800068        0x0 c:/winavr-20100110/bin/../lib/gcc/avr/4.3.3/avr5\libgcc.a(_fpcmp_parts_sf.o)
 .data          0x00800068      0x100 c:/winavr-20100110/bin/../lib/gcc/avr/4.3.3/avr5\libgcc.a(_clz.o)
                0x00800068                __clz_tab
 *(.data*)
 .data.data     0x00800168        0x4 ./HWAL/lcd_module/lcd.o
                0x00800168                data
 .data.RS       0x0080016c        0x4 ./HWAL/lcd_module/lcd.o
                0x0080016c                RS
 .data.RW       0x00800170        0x4 ./HWAL/lcd_module/lcd.o
                0x00800170                RW
 .data.E        0x00800174        0x4 ./HWAL/lcd_module/lcd.o
                0x00800174                E
 .data.V0       0x00800178        0x4 ./HWAL/lcd_module/lcd.o
                0x00800178                V0
 .data.keypad   0x0080017c        0x4 ./HWAL/keypad_module/keypad.o
                0x0080017c                keypad
 .data.motor1   0x00800180        0xa ./APP_layer/HW_config.o
                0x00800180                motor1
 .data.motortimer
                0x0080018a        0x7 ./APP_layer/HW_config.o
                0x0080018a                motortimer
 .data.keepOpenTimer
                0x00800191        0x7 ./APP_layer/HW_config.o
                0x00800191                keepOpenTimer
 .data.alarmTimer
                0x00800198        0x7 ./APP_layer/HW_config.o
                0x00800198                alarmTimer
 .data.uart     0x0080019f        0x7 ./APP_layer/HW_config.o
                0x0080019f                uart
 .data.alarm    0x008001a6        0x4 ./APP_layer/HW_config.o
                0x008001a6                alarm
 *(.rodata)
 *(.rodata*)
 .rodata.C.0.1291
                0x008001aa        0x3 ./HWAL/eeprom_module/eeprom.o
 *(.gnu.linkonce.d*)
                0x008001ae                . = ALIGN (0x2)
 *fill*         0x008001ad        0x1 00
                0x008001ae                _edata = .
                0x008001ae                PROVIDE (__data_end, .)

.bss            0x008001ae       0x1f
                0x008001ae                PROVIDE (__bss_start, .)
 *(.bss)
 .bss           0x008001ae        0x0 c:/winavr-20100110/bin/../lib/gcc/avr/4.3.3/../../../../avr/lib/avr5/crtm16.o
 .bss           0x008001ae        0x0 ./MCAL/uart_module/uart.o
 .bss           0x008001ae        0x0 ./MCAL/timer_module/timer.o
 .bss           0x008001ae        0x0 ./MCAL/i2c/i2c.o
 .bss           0x008001ae        0x0 ./MCAL/external_interrupt/external_interrupt.o
 .bss           0x008001ae        0x0 ./MCAL/dio_module/dio.o
 .bss           0x008001ae        0x0 ./MCAL/PWM_module/pwm.o
 .bss           0x008001ae        0x0 ./HWAL/motor_module/l293D.o
 .bss           0x008001ae        0x0 ./HWAL/lcd_module/lcd.o
 .bss           0x008001ae        0x0 ./HWAL/keypad_module/keypad.o
 .bss           0x008001ae        0x0 ./HWAL/eeprom_module/eeprom.o
 .bss           0x008001ae        0x0 ./APP_layer/HW_config.o
 .bss           0x008001ae        0x0 ./APP_layer/controller_main.o
 .bss           0x008001ae        0x0 ./APP_layer/controller_utility_functions.o
 .bss           0x008001ae        0x0 c:/winavr-20100110/bin/../lib/gcc/avr/4.3.3/avr5\libgcc.a(_udivmodhi4.o)
 .bss           0x008001ae        0x0 c:/winavr-20100110/bin/../lib/gcc/avr/4.3.3/avr5\libgcc.a(_exit.o)
 .bss           0x008001ae        0x0 c:/winavr-20100110/bin/../lib/gcc/avr/4.3.3/avr5\libgcc.a(_copy_data.o)
 .bss           0x008001ae        0x0 c:/winavr-20100110/bin/../lib/gcc/avr/4.3.3/avr5\libgcc.a(_clear_bss.o)
 .bss           0x008001ae        0x0 c:/winavr-20100110/bin/../lib/gcc/avr/4.3.3/avr5\libgcc.a(_fixunssfsi.o)
 .bss           0x008001ae        0x0 c:/winavr-20100110/bin/../lib/gcc/avr/4.3.3/avr5\libgcc.a(_addsub_sf.o)
 .bss           0x008001ae        0x0 c:/winavr-20100110/bin/../lib/gcc/avr/4.3.3/avr5\libgcc.a(_mul_sf.o)
 .bss           0x008001ae        0x0 c:/winavr-20100110/bin/../lib/gcc/avr/4.3.3/avr5\libgcc.a(_div_sf.o)
 .bss           0x008001ae        0x0 c:/winavr-20100110/bin/../lib/gcc/avr/4.3.3/avr5\libgcc.a(_ge_sf.o)
 .bss           0x008001ae        0x0 c:/winavr-20100110/bin/../lib/gcc/avr/4.3.3/avr5\libgcc.a(_sf_to_si.o)
 .bss           0x008001ae        0x0 c:/winavr-20100110/bin/../lib/gcc/avr/4.3.3/avr5\libgcc.a(_thenan_sf.o)
 .bss           0x008001ae        0x0 c:/winavr-20100110/bin/../lib/gcc/avr/4.3.3/avr5\libgcc.a(_usi_to_sf.o)
 .bss           0x008001ae        0x0 c:/winavr-20100110/bin/../lib/gcc/avr/4.3.3/avr5\libgcc.a(_prologue.o)
 .bss           0x008001ae        0x0 c:/winavr-20100110/bin/../lib/gcc/avr/4.3.3/avr5\libgcc.a(_epilogue.o)
 .bss           0x008001ae        0x0 c:/winavr-20100110/bin/../lib/gcc/avr/4.3.3/avr5\libgcc.a(_clzsi2.o)
 .bss           0x008001ae        0x0 c:/winavr-20100110/bin/../lib/gcc/avr/4.3.3/avr5\libgcc.a(_pack_sf.o)
 .bss           0x008001ae        0x0 c:/winavr-20100110/bin/../lib/gcc/avr/4.3.3/avr5\libgcc.a(_unpack_sf.o)
 .bss           0x008001ae        0x0 c:/winavr-20100110/bin/../lib/gcc/avr/4.3.3/avr5\libgcc.a(_fpcmp_parts_sf.o)
 .bss           0x008001ae        0x0 c:/winavr-20100110/bin/../lib/gcc/avr/4.3.3/avr5\libgcc.a(_clz.o)
 *(.bss*)
 .bss.g_callback
                0x008001ae        0x2 ./MCAL/uart_module/uart.o
                0x008001ae                g_callback
 .bss.g_timer2compare
                0x008001b0        0x2 ./MCAL/timer_module/timer.o
 .bss.g_timer2overflow
                0x008001b2        0x2 ./MCAL/timer_module/timer.o
 .bss.g_timer1compare
                0x008001b4        0x2 ./MCAL/timer_module/timer.o
 .bss.g_timer1overflow
                0x008001b6        0x2 ./MCAL/timer_module/timer.o
 .bss.g_timer0compare
                0x008001b8        0x2 ./MCAL/timer_module/timer.o
 .bss.g_timer0overflow
                0x008001ba        0x2 ./MCAL/timer_module/timer.o
 .bss.timer0_Reload
                0x008001bc        0x2 ./MCAL/timer_module/timer.o
 .bss.timer1_Reload
                0x008001be        0x2 ./MCAL/timer_module/timer.o
 .bss.timer2_Reload
                0x008001c0        0x2 ./MCAL/timer_module/timer.o
 .bss.g_INT1_functionPtr
                0x008001c2        0x2 ./MCAL/external_interrupt/external_interrupt.o
 .bss.g_INT2_functionPtr
                0x008001c4        0x2 ./MCAL/external_interrupt/external_interrupt.o
 .bss.g_INT0_functionPtr
                0x008001c6        0x2 ./MCAL/external_interrupt/external_interrupt.o
 .bss.door_state
                0x008001c8        0x1 ./APP_layer/controller_utility_functions.o
 .bss.counter.1582
                0x008001c9        0x1 ./APP_layer/controller_utility_functions.o
 .bss.counter.1572
                0x008001ca        0x1 ./APP_layer/controller_utility_functions.o
 .bss.counter.1561
                0x008001cb        0x1 ./APP_layer/controller_utility_functions.o
 *(COMMON)
 COMMON         0x008001cc        0x1 ./MCAL/uart_module/uart.o
                0x008001cc                recieved_data
                0x008001cd                PROVIDE (__bss_end, .)
                0x00002f92                __data_load_start = LOADADDR (.data)
                0x000030e0                __data_load_end = (__data_load_start + SIZEOF (.data))

.noinit         0x008001cd        0x0
                0x008001cd                PROVIDE (__noinit_start, .)
 *(.noinit*)
                0x008001cd                PROVIDE (__noinit_end, .)
                0x008001cd                _end = .
                0x008001cd                PROVIDE (__heap_start, .)

.eeprom         0x00810000        0x0
 *(.eeprom*)
                0x00810000                __eeprom_end = .

.fuse
 *(.fuse)
 *(.lfuse)
 *(.hfuse)
 *(.efuse)

.lock
 *(.lock*)

.signature
 *(.signature*)

.stab           0x00000000     0x69a8
 *(.stab)
 .stab          0x00000000      0x744 ./MCAL/uart_module/uart.o
 .stab          0x00000744      0x810 ./MCAL/timer_module/timer.o
                                0x9cc (size before relaxing)
 .stab          0x00000f54      0x3e4 ./MCAL/i2c/i2c.o
                                0x5a0 (size before relaxing)
 .stab          0x00001338      0x564 ./MCAL/external_interrupt/external_interrupt.o
                                0x720 (size before relaxing)
 .stab          0x0000189c      0x5f4 ./MCAL/dio_module/dio.o
                                0x7b0 (size before relaxing)
 .stab          0x00001e90      0x4a4 ./MCAL/PWM_module/pwm.o
                                0x660 (size before relaxing)
 .stab          0x00002334      0x4f8 ./HWAL/motor_module/l293D.o
                                0x6b4 (size before relaxing)
 .stab          0x0000282c     0x1848 ./HWAL/lcd_module/lcd.o
                               0x1a04 (size before relaxing)
 .stab          0x00004074      0xa8c ./HWAL/keypad_module/keypad.o
                                0xc48 (size before relaxing)
 .stab          0x00004b00      0x408 ./HWAL/eeprom_module/eeprom.o
                                0x5c4 (size before relaxing)
 .stab          0x00004f08      0x4f8 ./APP_layer/HW_config.o
                                0x6b4 (size before relaxing)
 .stab          0x00005400      0x294 ./APP_layer/controller_main.o
                                0x774 (size before relaxing)
 .stab          0x00005694     0x1314 ./APP_layer/controller_utility_functions.o
                               0x17f4 (size before relaxing)

.stabstr        0x00000000     0x3eda
 *(.stabstr)
 .stabstr       0x00000000     0x3eda ./MCAL/uart_module/uart.o

.stab.excl
 *(.stab.excl)

.stab.exclstr
 *(.stab.exclstr)

.stab.index
 *(.stab.index)

.stab.indexstr
 *(.stab.indexstr)

.comment
 *(.comment)

.debug
 *(.debug)

.line
 *(.line)

.debug_srcinfo
 *(.debug_srcinfo)

.debug_sfnames
 *(.debug_sfnames)

.debug_aranges  0x00000000      0x160
 *(.debug_aranges)
 .debug_aranges
                0x00000000       0x20 c:/winavr-20100110/bin/../lib/gcc/avr/4.3.3/avr5\libgcc.a(_fixunssfsi.o)
 .debug_aranges
                0x00000020       0x20 c:/winavr-20100110/bin/../lib/gcc/avr/4.3.3/avr5\libgcc.a(_addsub_sf.o)
 .debug_aranges
                0x00000040       0x20 c:/winavr-20100110/bin/../lib/gcc/avr/4.3.3/avr5\libgcc.a(_mul_sf.o)
 .debug_aranges
                0x00000060       0x20 c:/winavr-20100110/bin/../lib/gcc/avr/4.3.3/avr5\libgcc.a(_div_sf.o)
 .debug_aranges
                0x00000080       0x20 c:/winavr-20100110/bin/../lib/gcc/avr/4.3.3/avr5\libgcc.a(_ge_sf.o)
 .debug_aranges
                0x000000a0       0x20 c:/winavr-20100110/bin/../lib/gcc/avr/4.3.3/avr5\libgcc.a(_sf_to_si.o)
 .debug_aranges
                0x000000c0       0x20 c:/winavr-20100110/bin/../lib/gcc/avr/4.3.3/avr5\libgcc.a(_usi_to_sf.o)
 .debug_aranges
                0x000000e0       0x20 c:/winavr-20100110/bin/../lib/gcc/avr/4.3.3/avr5\libgcc.a(_clzsi2.o)
 .debug_aranges
                0x00000100       0x20 c:/winavr-20100110/bin/../lib/gcc/avr/4.3.3/avr5\libgcc.a(_pack_sf.o)
 .debug_aranges
                0x00000120       0x20 c:/winavr-20100110/bin/../lib/gcc/avr/4.3.3/avr5\libgcc.a(_unpack_sf.o)
 .debug_aranges
                0x00000140       0x20 c:/winavr-20100110/bin/../lib/gcc/avr/4.3.3/avr5\libgcc.a(_fpcmp_parts_sf.o)

.debug_pubnames
                0x00000000      0x1b6
 *(.debug_pubnames)
 .debug_pubnames
                0x00000000       0x23 c:/winavr-20100110/bin/../lib/gcc/avr/4.3.3/avr5\libgcc.a(_fixunssfsi.o)
 .debug_pubnames
                0x00000023       0x2c c:/winavr-20100110/bin/../lib/gcc/avr/4.3.3/avr5\libgcc.a(_addsub_sf.o)
 .debug_pubnames
                0x0000004f       0x1f c:/winavr-20100110/bin/../lib/gcc/avr/4.3.3/avr5\libgcc.a(_mul_sf.o)
 .debug_pubnames
                0x0000006e       0x1f c:/winavr-20100110/bin/../lib/gcc/avr/4.3.3/avr5\libgcc.a(_div_sf.o)
 .debug_pubnames
                0x0000008d       0x1e c:/winavr-20100110/bin/../lib/gcc/avr/4.3.3/avr5\libgcc.a(_ge_sf.o)
 .debug_pubnames
                0x000000ab       0x20 c:/winavr-20100110/bin/../lib/gcc/avr/4.3.3/avr5\libgcc.a(_sf_to_si.o)
 .debug_pubnames
                0x000000cb       0x22 c:/winavr-20100110/bin/../lib/gcc/avr/4.3.3/avr5\libgcc.a(_thenan_sf.o)
 .debug_pubnames
                0x000000ed       0x24 c:/winavr-20100110/bin/../lib/gcc/avr/4.3.3/avr5\libgcc.a(_usi_to_sf.o)
 .debug_pubnames
                0x00000111       0x1f c:/winavr-20100110/bin/../lib/gcc/avr/4.3.3/avr5\libgcc.a(_clzsi2.o)
 .debug_pubnames
                0x00000130       0x1f c:/winavr-20100110/bin/../lib/gcc/avr/4.3.3/avr5\libgcc.a(_pack_sf.o)
 .debug_pubnames
                0x0000014f       0x21 c:/winavr-20100110/bin/../lib/gcc/avr/4.3.3/avr5\libgcc.a(_unpack_sf.o)
 .debug_pubnames
                0x00000170       0x26 c:/winavr-20100110/bin/../lib/gcc/avr/4.3.3/avr5\libgcc.a(_fpcmp_parts_sf.o)
 .debug_pubnames
                0x00000196       0x20 c:/winavr-20100110/bin/../lib/gcc/avr/4.3.3/avr5\libgcc.a(_clz.o)

.debug_info     0x00000000     0x1f0d
 *(.debug_info)
 .debug_info    0x00000000       0xb1 c:/winavr-20100110/bin/../lib/gcc/avr/4.3.3/avr5\libgcc.a(_fixunssfsi.o)
 .debug_info    0x000000b1      0x47a c:/winavr-20100110/bin/../lib/gcc/avr/4.3.3/avr5\libgcc.a(_addsub_sf.o)
 .debug_info    0x0000052b      0x485 c:/winavr-20100110/bin/../lib/gcc/avr/4.3.3/avr5\libgcc.a(_mul_sf.o)
 .debug_info    0x000009b0      0x3fc c:/winavr-20100110/bin/../lib/gcc/avr/4.3.3/avr5\libgcc.a(_div_sf.o)
 .debug_info    0x00000dac      0x27f c:/winavr-20100110/bin/../lib/gcc/avr/4.3.3/avr5\libgcc.a(_ge_sf.o)
 .debug_info    0x0000102b      0x2b0 c:/winavr-20100110/bin/../lib/gcc/avr/4.3.3/avr5\libgcc.a(_sf_to_si.o)
 .debug_info    0x000012db      0x12c c:/winavr-20100110/bin/../lib/gcc/avr/4.3.3/avr5\libgcc.a(_thenan_sf.o)
 .debug_info    0x00001407      0x206 c:/winavr-20100110/bin/../lib/gcc/avr/4.3.3/avr5\libgcc.a(_usi_to_sf.o)
 .debug_info    0x0000160d      0x117 c:/winavr-20100110/bin/../lib/gcc/avr/4.3.3/avr5\libgcc.a(_clzsi2.o)
 .debug_info    0x00001724      0x2df c:/winavr-20100110/bin/../lib/gcc/avr/4.3.3/avr5\libgcc.a(_pack_sf.o)
 .debug_info    0x00001a03      0x251 c:/winavr-20100110/bin/../lib/gcc/avr/4.3.3/avr5\libgcc.a(_unpack_sf.o)
 .debug_info    0x00001c54      0x210 c:/winavr-20100110/bin/../lib/gcc/avr/4.3.3/avr5\libgcc.a(_fpcmp_parts_sf.o)
 .debug_info    0x00001e64       0xa9 c:/winavr-20100110/bin/../lib/gcc/avr/4.3.3/avr5\libgcc.a(_clz.o)
 *(.gnu.linkonce.wi.*)

.debug_abbrev   0x00000000     0x10d2
 *(.debug_abbrev)
 .debug_abbrev  0x00000000       0x5d c:/winavr-20100110/bin/../lib/gcc/avr/4.3.3/avr5\libgcc.a(_fixunssfsi.o)
 .debug_abbrev  0x0000005d      0x1ea c:/winavr-20100110/bin/../lib/gcc/avr/4.3.3/avr5\libgcc.a(_addsub_sf.o)
 .debug_abbrev  0x00000247      0x21b c:/winavr-20100110/bin/../lib/gcc/avr/4.3.3/avr5\libgcc.a(_mul_sf.o)
 .debug_abbrev  0x00000462      0x216 c:/winavr-20100110/bin/../lib/gcc/avr/4.3.3/avr5\libgcc.a(_div_sf.o)
 .debug_abbrev  0x00000678      0x15a c:/winavr-20100110/bin/../lib/gcc/avr/4.3.3/avr5\libgcc.a(_ge_sf.o)
 .debug_abbrev  0x000007d2      0x17f c:/winavr-20100110/bin/../lib/gcc/avr/4.3.3/avr5\libgcc.a(_sf_to_si.o)
 .debug_abbrev  0x00000951       0xad c:/winavr-20100110/bin/../lib/gcc/avr/4.3.3/avr5\libgcc.a(_thenan_sf.o)
 .debug_abbrev  0x000009fe      0x157 c:/winavr-20100110/bin/../lib/gcc/avr/4.3.3/avr5\libgcc.a(_usi_to_sf.o)
 .debug_abbrev  0x00000b55       0xc4 c:/winavr-20100110/bin/../lib/gcc/avr/4.3.3/avr5\libgcc.a(_clzsi2.o)
 .debug_abbrev  0x00000c19      0x1c0 c:/winavr-20100110/bin/../lib/gcc/avr/4.3.3/avr5\libgcc.a(_pack_sf.o)
 .debug_abbrev  0x00000dd9      0x154 c:/winavr-20100110/bin/../lib/gcc/avr/4.3.3/avr5\libgcc.a(_unpack_sf.o)
 .debug_abbrev  0x00000f2d      0x13b c:/winavr-20100110/bin/../lib/gcc/avr/4.3.3/avr5\libgcc.a(_fpcmp_parts_sf.o)
 .debug_abbrev  0x00001068       0x6a c:/winavr-20100110/bin/../lib/gcc/avr/4.3.3/avr5\libgcc.a(_clz.o)

.debug_line     0x00000000     0x1030
 *(.debug_line)
 .debug_line    0x00000000       0xa7 c:/winavr-20100110/bin/../lib/gcc/avr/4.3.3/avr5\libgcc.a(_fixunssfsi.o)
 .debug_line    0x000000a7      0x2af c:/winavr-20100110/bin/../lib/gcc/avr/4.3.3/avr5\libgcc.a(_addsub_sf.o)
 .debug_line    0x00000356      0x239 c:/winavr-20100110/bin/../lib/gcc/avr/4.3.3/avr5\libgcc.a(_mul_sf.o)
 .debug_line    0x0000058f      0x1d5 c:/winavr-20100110/bin/../lib/gcc/avr/4.3.3/avr5\libgcc.a(_div_sf.o)
 .debug_line    0x00000764       0xd3 c:/winavr-20100110/bin/../lib/gcc/avr/4.3.3/avr5\libgcc.a(_ge_sf.o)
 .debug_line    0x00000837      0x109 c:/winavr-20100110/bin/../lib/gcc/avr/4.3.3/avr5\libgcc.a(_sf_to_si.o)
 .debug_line    0x00000940       0x90 c:/winavr-20100110/bin/../lib/gcc/avr/4.3.3/avr5\libgcc.a(_thenan_sf.o)
 .debug_line    0x000009d0      0x133 c:/winavr-20100110/bin/../lib/gcc/avr/4.3.3/avr5\libgcc.a(_usi_to_sf.o)
 .debug_line    0x00000b03       0xa5 c:/winavr-20100110/bin/../lib/gcc/avr/4.3.3/avr5\libgcc.a(_clzsi2.o)
 .debug_line    0x00000ba8      0x18a c:/winavr-20100110/bin/../lib/gcc/avr/4.3.3/avr5\libgcc.a(_pack_sf.o)
 .debug_line    0x00000d32      0x14b c:/winavr-20100110/bin/../lib/gcc/avr/4.3.3/avr5\libgcc.a(_unpack_sf.o)
 .debug_line    0x00000e7d      0x137 c:/winavr-20100110/bin/../lib/gcc/avr/4.3.3/avr5\libgcc.a(_fpcmp_parts_sf.o)
 .debug_line    0x00000fb4       0x7c c:/winavr-20100110/bin/../lib/gcc/avr/4.3.3/avr5\libgcc.a(_clz.o)

.debug_frame    0x00000000      0x180
 *(.debug_frame)
 .debug_frame   0x00000000       0x20 c:/winavr-20100110/bin/../lib/gcc/avr/4.3.3/avr5\libgcc.a(_fixunssfsi.o)
 .debug_frame   0x00000020       0x40 c:/winavr-20100110/bin/../lib/gcc/avr/4.3.3/avr5\libgcc.a(_addsub_sf.o)
 .debug_frame   0x00000060       0x20 c:/winavr-20100110/bin/../lib/gcc/avr/4.3.3/avr5\libgcc.a(_mul_sf.o)
 .debug_frame   0x00000080       0x20 c:/winavr-20100110/bin/../lib/gcc/avr/4.3.3/avr5\libgcc.a(_div_sf.o)
 .debug_frame   0x000000a0       0x20 c:/winavr-20100110/bin/../lib/gcc/avr/4.3.3/avr5\libgcc.a(_ge_sf.o)
 .debug_frame   0x000000c0       0x20 c:/winavr-20100110/bin/../lib/gcc/avr/4.3.3/avr5\libgcc.a(_sf_to_si.o)
 .debug_frame   0x000000e0       0x20 c:/winavr-20100110/bin/../lib/gcc/avr/4.3.3/avr5\libgcc.a(_usi_to_sf.o)
 .debug_frame   0x00000100       0x20 c:/winavr-20100110/bin/../lib/gcc/avr/4.3.3/avr5\libgcc.a(_clzsi2.o)
 .debug_frame   0x00000120       0x20 c:/winavr-20100110/bin/../lib/gcc/avr/4.3.3/avr5\libgcc.a(_pack_sf.o)
 .debug_frame   0x00000140       0x20 c:/winavr-20100110/bin/../lib/gcc/avr/4.3.3/avr5\libgcc.a(_unpack_sf.o)
 .debug_frame   0x00000160       0x20 c:/winavr-20100110/bin/../lib/gcc/avr/4.3.3/avr5\libgcc.a(_fpcmp_parts_sf.o)

.debug_str      0x00000000      0x2e6
 *(.debug_str)
 .debug_str     0x00000000       0xbf c:/winavr-20100110/bin/../lib/gcc/avr/4.3.3/avr5\libgcc.a(_fixunssfsi.o)
                                 0xfe (size before relaxing)
 .debug_str     0x000000bf      0x14d c:/winavr-20100110/bin/../lib/gcc/avr/4.3.3/avr5\libgcc.a(_addsub_sf.o)
                                0x206 (size before relaxing)
 .debug_str     0x0000020c       0x27 c:/winavr-20100110/bin/../lib/gcc/avr/4.3.3/avr5\libgcc.a(_mul_sf.o)
                                0x1bf (size before relaxing)
 .debug_str     0x00000233       0x35 c:/winavr-20100110/bin/../lib/gcc/avr/4.3.3/avr5\libgcc.a(_div_sf.o)
                                0x1c8 (size before relaxing)
 .debug_str     0x00000268        0x8 c:/winavr-20100110/bin/../lib/gcc/avr/4.3.3/avr5\libgcc.a(_ge_sf.o)
                                0x195 (size before relaxing)
 .debug_str     0x00000270        0xa c:/winavr-20100110/bin/../lib/gcc/avr/4.3.3/avr5\libgcc.a(_sf_to_si.o)
                                0x19e (size before relaxing)
 .debug_str     0x00000000      0x103 c:/winavr-20100110/bin/../lib/gcc/avr/4.3.3/avr5\libgcc.a(_thenan_sf.o)
 .debug_str     0x0000027a       0x21 c:/winavr-20100110/bin/../lib/gcc/avr/4.3.3/avr5\libgcc.a(_usi_to_sf.o)
                                0x177 (size before relaxing)
 .debug_str     0x0000029b       0x20 c:/winavr-20100110/bin/../lib/gcc/avr/4.3.3/avr5\libgcc.a(_clzsi2.o)
                                0x111 (size before relaxing)
 .debug_str     0x000002bb       0x10 c:/winavr-20100110/bin/../lib/gcc/avr/4.3.3/avr5\libgcc.a(_pack_sf.o)
                                0x19d (size before relaxing)
 .debug_str     0x000002cb        0xb c:/winavr-20100110/bin/../lib/gcc/avr/4.3.3/avr5\libgcc.a(_unpack_sf.o)
                                0x17f (size before relaxing)
 .debug_str     0x000002d6       0x10 c:/winavr-20100110/bin/../lib/gcc/avr/4.3.3/avr5\libgcc.a(_fpcmp_parts_sf.o)
                                0x163 (size before relaxing)
 .debug_str     0x00000000       0xf4 c:/winavr-20100110/bin/../lib/gcc/avr/4.3.3/avr5\libgcc.a(_clz.o)

.debug_loc      0x00000000      0x8f6
 *(.debug_loc)
 .debug_loc     0x00000000       0x34 c:/winavr-20100110/bin/../lib/gcc/avr/4.3.3/avr5\libgcc.a(_fixunssfsi.o)
 .debug_loc     0x00000034      0x32a c:/winavr-20100110/bin/../lib/gcc/avr/4.3.3/avr5\libgcc.a(_addsub_sf.o)
 .debug_loc     0x0000035e      0x104 c:/winavr-20100110/bin/../lib/gcc/avr/4.3.3/avr5\libgcc.a(_mul_sf.o)
 .debug_loc     0x00000462       0xc0 c:/winavr-20100110/bin/../lib/gcc/avr/4.3.3/avr5\libgcc.a(_div_sf.o)
 .debug_loc     0x00000522       0x3c c:/winavr-20100110/bin/../lib/gcc/avr/4.3.3/avr5\libgcc.a(_ge_sf.o)
 .debug_loc     0x0000055e       0x7e c:/winavr-20100110/bin/../lib/gcc/avr/4.3.3/avr5\libgcc.a(_sf_to_si.o)
 .debug_loc     0x000005dc       0x4c c:/winavr-20100110/bin/../lib/gcc/avr/4.3.3/avr5\libgcc.a(_usi_to_sf.o)
 .debug_loc     0x00000628       0x94 c:/winavr-20100110/bin/../lib/gcc/avr/4.3.3/avr5\libgcc.a(_clzsi2.o)
 .debug_loc     0x000006bc      0x13e c:/winavr-20100110/bin/../lib/gcc/avr/4.3.3/avr5\libgcc.a(_pack_sf.o)
 .debug_loc     0x000007fa       0xac c:/winavr-20100110/bin/../lib/gcc/avr/4.3.3/avr5\libgcc.a(_unpack_sf.o)
 .debug_loc     0x000008a6       0x50 c:/winavr-20100110/bin/../lib/gcc/avr/4.3.3/avr5\libgcc.a(_fpcmp_parts_sf.o)

.debug_macinfo
 *(.debug_macinfo)
OUTPUT(CTRL.elf elf32-avr)
LOAD linker stubs

.debug_ranges   0x00000000       0x50
 .debug_ranges  0x00000000       0x50 c:/winavr-20100110/bin/../lib/gcc/avr/4.3.3/avr5\libgcc.a(_mul_sf.o)
